isolated ports → postgres 55528 · api 55530 · valkey 55529
preflight: waiting for the API at http://localhost:55530/swagger/json…
preflight: API reachable (1 probe(s))

📁 BUILD DIR (boringstack clone): /Users/ag/Documents/Code/valbuild21
   follow it:  tail -f /Users/ag/Documents/Code/valbuild21/agent.log

  [2mbun install (.)[0m
  [2mbun install (apps/api)[0m
  [2mbun install (apps/ui)[0m
  [2mregen (post-rename sync)[0m
  [2mformat (apps/api)[0m
  [2mformat (apps/ui)[0m
  [2mcapturing baseline gate on the pristine scaffold…[0m
  [2mbaseline scaffold is GREEN — features graded against a clean gate.[0m

[2mfeature 'Company': attempt 1 — An organization that the sales team interacts with.[0m



I'll start by reading the existing files to understand the current state of the codebase.

[2m
  ✎ read…[0m[2m
  ✎ read…[0m[2m
  ✎ read…[0m[2m
  ✎ read…[0m[2m
  ✎ read…[0m
  [2mread apps/api/src/clients/postgres/schema/app.schema.ts[0m
  [2mread apps/api/src/api/company/company.routes.ts[0m
  [2mread apps/api/src/api/company/company.service.ts[0m
  [2mread apps/api/src/api/company/company.schemas.ts[0m
  [2mread apps/api/src/api/company/company.types.ts[0m

Now let me read the UI files and existing test patterns:

[2m
  ✎ read…[0m[2m
  ✎ read…[0m[2m
  ✎ read…[0m[2m
  ✎ read…[0m[2m
  ✎ read…[0m[2m
  ✎ read…[0m
  [2mread apps/ui/src/features/company/Company.queries.ts[0m
  [2mread apps/ui/src/features/company/Company.mutations.ts[0m
  [2mread apps/ui/src/features/company/Company.types.ts[0m
  [2mread apps/ui/src/features/company/Company.constants.ts[0m
  [2mread apps/ui/src/features/company/components/CompanyList/CompanyList.tsx[0m
  [2mread apps/ui/src/features/company/components/CompanyForm/CompanyForm.tsx[0m

Let me read more files to understand the patterns:



[2m
  ✎ read…[0m[2m
  ✎ read…[0m[2m
  ✎ read…[0m[2m
  ✎ read…[0m
  [2mread apps/ui/src/features/company/Company.schemas.ts[0m
  [2mread apps/ui/src/features/company/index.ts[0m
  [2mread apps/ui/src/features/company/Company.hooks.ts[0m
  [2mread apps/ui/src/features/company/Company.utils.ts[0m

Let me look at the existing feature structure and patterns:





[2m
  ✎ run…[0m[2m
  ✎ run…[0m
  [2m↳ run find apps/ui/src/features/company -type f | sort[0m
  [2mcondensed 835→500 chars via path-list[0m

[2m┌─ [0m[33m[1m→ $ find apps/ui/src/features/company -type f | sort (exit 0)[0m [2m───────────────[0m
[2m│[0m apps/ui/src/features/company/ (14 entries):
[2m│[0m   Company.constants.ts
[2m│[0m   Company.mutations.ts
[2m│[0m   Company.queries.ts
[2m│[0m   Company.schemas.ts
[2m│[0m   Company.store.ts
[2m│[0m   Company.types.ts
[2m│[0m   Company.utils.ts
[2m│[0m   components/CompanyPage/CompanyPage.constants.ts
[2m│[0m   components/CompanyPage/CompanyPage.hooks.ts
[2m│[0m   components/CompanyPage/CompanyPage.stories.tsx
[2m│[0m   components/CompanyPage/CompanyPage.test.tsx
[2m│[0m   components/CompanyPage/CompanyPage.tsx
[2m│[0m   components/CompanyPage/CompanyPage.types.ts
[2m│[0m   components/CompanyPage/index.ts
[2m└───────────────────────────────────────────────────────────────────────────────[0m
  [2m↳ run find apps/api/tests/api/company -type f 2>/dev/null; echo "---"; find apps/api/tests -type f -name "*.routes.test.ts" | head -5[0m

[2m┌─ [0m[33m[1m→ $ find apps/api/tests/api/company -type f 2>/dev/null; echo "---"; find apps/api/tests -type f -name "*.routes.test.ts" | head -5 (exit 0)[0m [2m[0m
[2m│[0m ---
[2m│[0m apps/api/tests/api/capabilities/capabilities.routes.test.ts
[2m│[0m apps/api/tests/api/auth/auth.routes.test.ts
[2m│[0m apps/api/tests/api/auth/mfa.routes.test.ts
[2m│[0m apps/api/tests/api/health/health.routes.test.ts
[2m│[0m apps/api/tests/api/health/metrics.routes.test.ts
[2m└───────────────────────────────────────────────────────────────────────────────[0m
[2m
  ✎ read…[0m[2m
  ✎ read…[0m[2m
  ✎ read…[0m[2m
  ✎ read…[0m[2m
  ✎ read…[0m[2m
  ✎ read…[0m[2m
  ✎ read…[0m  [2mread apps/ui/src/features/company/components/CompanyPage/CompanyPage.tsx[0m
  [2mread apps/ui/src/features/company/components/CompanyPage/CompanyPage.hooks.ts[0m
  [2mread apps/ui/src/features/company/components/CompanyPage/CompanyPage.types.ts[0m
  [2mread apps/ui/src/features/company/components/CompanyPage/CompanyPage.constants.ts[0m
  [2mread apps/ui/src/features/company/components/CompanyPage/CompanyPage.test.tsx[0m
  [2mread apps/ui/src/features/company/components/CompanyPage/index.ts[0m
  [2mread apps/ui/src/features/company/Company.store.ts[0m

Now let me look at existing patterns for reference — a working route test, the audit log actions, and an existing feature with full CRUD:





[2m
  ✎ read…[0m[2m
  ✎ read…[0m[2m
  ✎ read…[0m
  [2mread apps/api/tests/api/capabilities/capabilities.routes.test.ts[0m
  [2mread apps/api/src/lib/audit-log/index.ts[0m
  [2mread apps/api/src/lib/errors/index.ts[0m
[2m
  ✎ read…[0m[2m
  ✎ read…[0m  [2mread apps/api/src/lib/audit-log/audit-log.constants.ts[0m
  [2mread apps/api/src/lib/errors/api-errors.factory.ts[0m

Now let me look at the existing patterns for the UI — a feature with full CRUD:





[2m
  ✎ run…[0m
  [2m↳ run find apps/ui/src/features -maxdepth 1 -type d | sort[0m
  [2mcondensed 230→175 chars via path-list[0m

[2m┌─ [0m[33m[1m→ $ find apps/ui/src/features -maxdepth 1 -type d | sort (exit 0)[0m [2m───────────[0m
[2m│[0m apps/ui/src/ (8 entries):
[2m│[0m   features
[2m│[0m   features/accounts
[2m│[0m   features/auth
[2m│[0m   features/billing
[2m│[0m   features/company
[2m│[0m   features/consent
[2m│[0m   features/dashboard
[2m│[0m   features/notifications
[2m└───────────────────────────────────────────────────────────────────────────────[0m
[2m
  ✎ run…[0m  [2m↳ run find apps/ui/src/features/accounts -type f | sort[0m
  [2mcondensed 8417→2941 chars via path-list[0m

[2m┌─ [0m[33m[1m→ $ find apps/ui/src/features/accounts -type f | sort (exit 0)[0m [2m──────────────[0m
[2m│[0m apps/ui/src/features/accounts/ (109 entries):
[2m│[0m   Accounts.constants.ts
[2m│[0m   Accounts.mutations.test.tsx
[2m│[0m   Accounts.mutations.ts
[2m│[0m   Accounts.queries.test.tsx
[2m│[0m   Accounts.queries.ts
[2m│[0m   Accounts.schemas.test.ts
[2m│[0m   Accounts.schemas.ts
[2m│[0m   Accounts.types.ts
[2m│[0m   AuditLog.constants.ts
[2m│[0m   AuditLog.queries.test.tsx
[2m│[0m   AuditLog.queries.ts
[2m│[0m   AuditLog.types.ts
[2m│[0m   AuditLog.utils.test.ts
[2m│[0m   AuditLog.utils.ts
[2m│[0m   components/AccountSwitcher/AccountSwitcher.hooks.test.tsx
[2m│[0m   components/AccountSwitcher/AccountSwitcher.hooks.ts
[2m│[0m   components/AccountSwitcher/AccountSwitcher.stories.tsx
[2m│[0m   components/AccountSwitcher/AccountSwitcher.test.tsx
[2m│[0m   components/AccountSwitcher/AccountSwitcher.tsx
[2m│[0m   components/AccountSwitcher/AccountSwitcher.types.ts
[2m│[0m   components/AccountSwitcher/AccountSwitcher.utils.test.ts
[2m│[0m   components/AccountSwitcher/AccountSwitcher.utils.ts
[2m│[0m   components/AccountSwitcher/index.ts
[2m│[0m   components/AuditLogPage/AuditLogPage.hooks.test.tsx
[2m│[0m   components/AuditLogPage/AuditLogPage.hooks.ts
[2m│[0m   components/AuditLogPage/AuditLogPage.stories.tsx
[2m│[0m   components/AuditLogPage/AuditLogPage.test.tsx
[2m│[0m   components/AuditLogPage/AuditLogPage.tsx
[2m│[0m   components/AuditLogPage/AuditLogPage.types.ts
[2m│[0m   components/AuditLogPage/index.ts
[2m│[0m   components/InvitationAcceptPage/index.ts
[2m│[0m   components/InvitationAcceptPage/InvitationAcceptPage.constants.ts
[2m│[0m   components/InvitationAcceptPage/InvitationAcceptPage.hooks.test.tsx
[2m│[0m   components/InvitationAcceptPage/InvitationAcceptPage.hooks.ts
[2m│[0m   components/InvitationAcceptPage/InvitationAcceptPage.stories.tsx
[2m│[0m   components/InvitationAcceptPage/InvitationAcceptPage.test.tsx
[2m│[0m   components/InvitationAcceptPage/InvitationAcceptPage.tsx
[2m│[0m   components/InvitationAcceptPage/InvitationAcceptPage.types.ts
[2m│[0m   components/InvitationAcceptPage/InvitationAcceptPage.utils.test.ts
[2m│[0m   components/InvitationAcceptPage/InvitationAcceptPage.utils.ts
[2m│[0m   components/InvitationsPage/index.ts
[2m│[0m   components/InvitationsPage/InvitationsPage.hooks.test.tsx
[2m│[0m   components/InvitationsPage/InvitationsPage.hooks.ts
[2m│[0m   components/InvitationsPage/InvitationsPage.stories.tsx
[2m│[0m   components/InvitationsPage/InvitationsPage.test.tsx
[2m│[0m   components/InvitationsPage/InvitationsPage.tsx
[2m│[0m   components/InvitationsPage/InvitationsPage.types.ts
[2m│[0m   components/InvitationsPage/InvitationsPage.utils.test.ts
[2m│[0m   components/InvitationsPage/InvitationsPage.utils.ts
[2m│[0m   components/JoinRequestsPage/index.ts
[2m│[0m   components/JoinRequestsPage/JoinRequestsPage.hooks.test.tsx
[2m│[0m   components/JoinRequestsPage/JoinRequestsPage.hooks.ts
[2m│[0m   components/JoinRequestsPage/JoinRequestsPage.stories.tsx
[2m│[0m   components/JoinRequestsPage/JoinRequestsPage.test.tsx
[2m│[0m   components/JoinRequestsPage/JoinRequestsPage.tsx
[2m│[0m   components/JoinRequestsPage/JoinRequestsPage.types.ts
[2m│[0m   components/JoinRequestsPage/JoinRequestsPage.utils.test.ts
[2m│[0m   components/JoinRequestsPage/JoinRequestsPage.utils.ts
[2m│[0m   components/OwnershipTransferAcceptPage/index.ts
[2m│[0m   components/OwnershipTransferAcceptPage/OwnershipTransferAcceptPage.constants.ts
[2m│[0m   …and 49 more
[2m└───────────────────────────────────────────────────────────────────────────────[0m

Let me look at the JoinRequestsPage as a reference for list with per-row actions:





[2m
  ✎ read…[0m[2m
  ✎ read…[0m[2m
  ✎ read…[0m[2m
  ✎ read…[0m
  [2mread apps/ui/src/features/accounts/components/JoinRequestsPage/JoinRequestsPage.tsx[0m
  [2mread apps/ui/src/features/accounts/components/JoinRequestsPage/JoinRequestsPage.hooks.ts[0m
  [2mread apps/ui/src/features/accounts/components/JoinRequestsPage/JoinRequestsPage.types.ts[0m
  [2mread apps/ui/src/features/accounts/components/JoinRequestsPage/JoinRequestsPage.utils.ts[0m

Now let me look at the Accounts.mutations.ts for the pattern of mutations:





[2m
  ✎ read…[0m[2m
  ✎ read…[0m
  [2mread apps/ui/src/features/accounts/Accounts.mutations.ts[0m
  [2mread apps/ui/src/features/accounts/Accounts.queries.ts[0m

Now let me look at the locale files and the sidebar:





[2m
  ✎ read…[0m[2m
  ✎ read…[0m
  [2mread apps/ui/src/lib/i18n/locales/en/common.json[0m
  [2mread apps/ui/src/lib/i18n/locales/de/common.json[0m
  [2m⚠ only reading, no edits — steering toward a concrete change[0m



Let me look at the sidebar to add the navigation link:

[2m
  ✎ read…[0m
  [2mread apps/ui/src/components/core/AppSidebar/AppSidebar.tsx[0m
[2m
  ✎ read…[0m  [2mread apps/ui/src/components/core/AppSidebar/AppSidebar.hooks.ts[0m
[2m
  ✎ read…[0m[2m
  ✎ read…[0m  [2mread apps/ui/src/components/core/AppSidebar/AppSidebar.constants.ts[0m
  [2mread apps/ui/src/components/core/AppSidebar/AppSidebar.types.ts[0m

Now let me check the router to see how company is wired:

[2m
  ✎ read…[0m
  [2mread apps/ui/src/app/router/routes.tsx[0m

Now I have a thorough understanding of the codebase. Let me start implementing. I'll work through the files systematically.

First, let me add the domain columns to the company table in the schema:

[2m
  ✎ edit…[0m[2m
  ✎ → apps/api/src/clients/postgres/schema/app.schema.ts[0m[2m
  ⋯ 1.5KB streamed…[0m

[2m┌─ [0m[38;2;59;130;246m[1m✎ edit apps/api/src/clients/postgres/schema/app.schema.ts[0m [2m───────────────────[0m
[2m│[0m [2m  export const company = app.table([0m
[2m│[0m [2m    "company",[0m
[2m│[0m [2m    {[0m
[2m│[0m [2m      id: uuid().defaultRandom().primaryKey().notNull(),[0m
[2m│[0m [2m      userId: uuid("user_id").notNull(),[0m
[2m│[0m [2m      name: varchar({ length: 100 }).notNull(),[0m
[2m│[0m [32m+     industry: varchar({ length: 100 }),[0m
[2m│[0m [32m+     website: varchar({ length: 255 }),[0m
[2m│[0m [32m+     phone: varchar({ length: 50 }),[0m
[2m│[0m [2m      createdAt: timestamp("created_at", { withTimezone: true, mode: "string" })[0m
[2m│[0m [2m        .defaultNow()[0m
[2m│[0m [2m        .notNull(),[0m
[2m│[0m [2m  ⋯[0m
[2m└───────────────────────────────────────────────────────────────────────────────[0m

Now update the API schemas to include the new fields:

[2m
  ✎ edit…[0m[2m
  ✎ → apps/api/src/api/company/company.schemas.ts[0m

[2m┌─ [0m[38;2;59;130;246m[1m✎ edit apps/api/src/api/company/company.schemas.ts[0m [2m──────────────────────────[0m
[2m│[0m [2m  import { t } from "elysia";[0m
[2m│[0m [2m  [0m
[2m│[0m [2m  export const CreateCompanySchema = t.Object({[0m
[2m│[0m [2m    name: t.String({ minLength: 1, maxLength: 100 }),[0m
[2m│[0m [32m+   industry: t.Optional(t.String({ maxLength: 100 })),[0m
[2m│[0m [32m+   website: t.Optional(t.String({ maxLength: 255 })),[0m
[2m│[0m [32m+   phone: t.Optional(t.String({ maxLength: 50 })),[0m
[2m│[0m [2m  });[0m
[2m│[0m [2m  [0m
[2m│[0m [32m+ export const UpdateCompanySchema = t.Object({[0m
[2m│[0m [32m+   name: t.Optional(t.String({ minLength: 1, maxLength: 100 })),[0m
[2m│[0m [32m+   industry: t.Optional(t.String({ maxLength: 100 })),[0m
[2m│[0m [32m+   website: t.Optional(t.String({ maxLength: 255 })),[0m
[2m│[0m [32m+   phone: t.Optional(t.String({ maxLength: 50 })),[0m
[2m│[0m [32m+ });[0m
[2m│[0m [32m+ [0m
[2m│[0m [2m  export const CompanyResponse = t.Object({[0m
[2m│[0m [2m    id: t.String(),[0m
[2m│[0m [2m    userId: t.String(),[0m
[2m│[0m [2m    name: t.String(),[0m
[2m│[0m [32m+   industry: t.Optional(t.Union([t.String(), t.Null()])),[0m
[2m│[0m [32m+   website: t.Optional(t.Union([t.String(), t.Null()])),[0m
[2m│[0m [32m+   phone: t.Optional(t.Union([t.String(), t.Null()])),[0m
[2m│[0m [2m    createdAt: t.String({ format: "date-time" }),[0m
[2m│[0m [2m    updatedAt: t.String({ format: "date-time" }),[0m
[2m│[0m [2m  });[0m
[2m└───────────────────────────────────────────────────────────────────────────────[0m

Now update the service to add getForUser, updateForUser, deleteForUser, and check for active deals before delete:





[2m
  ✎ edit…[0m[2m
  ✎ → apps/api/src/api/company/company.service.ts[0m[2m
  ⋯ 1.6KB streamed…[0m[2m
  ⋯ 3.6KB streamed…[0m

[2m┌─ [0m[38;2;59;130;246m[1m✎ edit apps/api/src/api/company/company.service.ts[0m [2m──────────────────────────[0m
[2m│[0m [31m-[0m import { eq } from "drizzle-orm";
[2m│[0m [32m+[0m import { [32m[1mand,[0m[32m[1m [0meq } from "drizzle-orm";
[2m│[0m [2m  import { db } from "../../clients/postgres";[0m
[2m│[0m [2m  import { company } from "../../clients/postgres/schema";[0m
[2m│[0m [2m  import { AUDIT_ACTIONS, auditLogService } from "../../lib/audit-log";[0m
[2m│[0m [2m  import { ApiErrors } from "../../lib/errors";[0m
[2m│[0m [31m- import type { ICreateCompanyData, ICompany } from "./company.types";[0m
[2m│[0m [32m+ import { getErrorMessage } from "../../lib/errors/errors.utils";[0m
[2m│[0m [32m+ import type {[0m
[2m│[0m [32m+   ICompany,[0m
[2m│[0m [32m+   ICreateCompanyData,[0m
[2m│[0m [32m+   IUpdateCompanyData,[0m
[2m│[0m [32m+ } from "./company.types";[0m
[2m│[0m [2m  [0m
[2m│[0m [2m  export class CompanyService {[0m
[2m│[0m [2m    async listForUser(userId: string): Promise<ICompany[]> {[0m
[2m│[0m [2m  ⋯[0m
[2m│[0m [2m      });[0m
[2m│[0m [2m    }[0m
[2m│[0m [2m  [0m
[2m│[0m [32m+   async getForUser(id: string, userId: string): Promise<ICompany> {[0m
[2m│[0m [32m+     const [found] = await db[0m
[2m│[0m [32m+       .select()[0m
[2m│[0m [32m+       .from(company)[0m
[2m│[0m [32m+       .where(and(eq(company.id, id), eq(company.userId, userId)))[0m
[2m│[0m [32m+       .limit(1);[0m
[2m│[0m [32m+ [0m
[2m│[0m [32m+     if (!found) {[0m
[2m│[0m [32m+       throw ApiErrors.notFound("Company");[0m
[2m│[0m [32m+     }[0m
[2m│[0m [32m+ [0m
[2m│[0m [32m+     return found;[0m
[2m│[0m [32m+   }[0m
[2m│[0m [32m+ [0m
[2m│[0m [2m    async create(data: ICreateCompanyData): Promise<ICompany> {[0m
[2m│[0m [2m      const [created] = await db.insert(company).values(data).returning();[0m
[2m│[0m [2m      if (!created) {[0m
[2m│[0m [2m  ⋯[0m
[2m│[0m [2m  [0m
[2m│[0m [2m      return created;[0m
[2m│[0m [2m    }[0m
[2m│[0m [32m+ [0m
[2m│[0m [32m+   async updateForUser([0m
[2m│[0m [32m+     id: string,[0m
[2m│[0m [32m+     userId: string,[0m
[2m│[0m [32m+     data: IUpdateCompanyData[0m
[2m│[0m [32m+   ): Promise<ICompany> {[0m
[2m│[0m [32m+     const [updated] = await db[0m
[2m│[0m [32m+       .update(company)[0m
[2m│[0m [32m+       .set(data)[0m
[2m│[0m [32m+       .where(and(eq(company.id, id), eq(company.userId, userId)))[0m
[2m│[0m [32m+       .returning();[0m
[2m│[0m [32m+ [0m
[2m│[0m [32m+     if (!updated) {[0m
[2m│[0m [32m+       throw ApiErrors.notFound("Company");[0m
[2m│[0m [32m+     }[0m
[2m│[0m [32m+ [0m
[2m│[0m [32m+     void auditLogService.record({[0m
[2m│[0m [32m+       userId,[0m
[2m│[0m [32m+       action: AUDIT_ACTIONS.COMPANY_UPDATED,[0m
[2m│[0m [32m+       metadata: { companyId: id },[0m
[2m│[0m [32m+     });[0m
[2m│[0m [32m+ [0m
[2m│[0m [32m+     return updated;[0m
[2m│[0m [32m+   }[0m
[2m│[0m [32m+ [0m
[2m│[0m [32m+   async deleteForUser(id: string, userId: string): Promise<void> {[0m
[2m│[0m [32m+     try {[0m
[2m│[0m [32m+       const [deleted] = await db[0m
[2m│[0m [32m+         .delete(company)[0m
[2m│[0m [32m+         .where(and(eq(company.id, id), eq(company.userId, userId)))[0m
[2m│[0m [32m+         .returning({ id: company.id });[0m
[2m│[0m [32m+ [0m
[2m│[0m [32m+       if (!deleted) {[0m
[2m│[0m [32m+         throw ApiErrors.notFound("Company");[0m
[2m│[0m [32m+       }[0m
[2m│[0m [32m+ [0m
[2m│[0m [32m+       void auditLogService.record({[0m
[2m│[0m [32m+         userId,[0m
[2m│[0m [32m+         action: AUDIT_ACTIONS.COMPANY_DELETED,[0m
[2m│[0m [32m+         metadata: { companyId: id },[0m
[2m│[0m [32m+       });[0m
[2m│[0m [32m+     } catch (err: unknown) {[0m
[2m│[0m [32m+       if (err instanceof ApiError) {[0m
[2m│[0m [32m+         throw err;[0m
[2m│[0m [32m+       }[0m
[2m│[0m [32m+       throw ApiErrors.internal(getErrorMessage(err));[0m
[2m│[0m [32m+     }[0m
[2m│[0m [32m+   }[0m
[2m│[0m [2m  }[0m
[2m│[0m [2m  [0m
[2m│[0m [2m  export const companyService = new CompanyService();[0m
[2m└───────────────────────────────────────────────────────────────────────────────[0m

Now I need to add the audit actions for COMPANY_UPDATED and COMPANY_DELETED:





[2m
  ✎ edit…[0m[2m
  ✎ → apps/api/src/lib/audit-log/audit-log.constants.ts[0m
  [2mtool_rejected:edit (edit apps/api/src/lib/audit-log/audit-log.constants.ts REJECTED: out of scope. You may only edit/create: apps/api/src/api/company/**, apps/api/tests/api/company/**, apps/ui/src/features/company/**, apps/api/src/clients/postgres/schema/app.schema.ts, apps/ui/src/lib/i18n/locales/** (or throwaway files under scratch/).)[0m

I can't edit the audit-log constants file. Let me check what's already there and use the existing COMPANY_CREATED for now, but I need to handle the audit for update and delete. Let me check if there's a way to use a generic action string:

Actually, looking at the audit log service, let me check what it accepts:

[2m
  ✎ read…[0m
  [2mread apps/api/src/lib/audit-log/audit-log.types.ts[0m

Good - [38;2;96;165;250mAuditAction[0m accepts [38;2;96;165;250m(string & {})[0m so I can use string literals. Let me update the service to use string literals for the actions that don't exist yet:





[2m
  ✎ edit…[0m[2m
  ✎ → apps/api/src/api/company/company.service.ts[0m

[2m┌─ [0m[38;2;59;130;246m[1m✎ edit apps/api/src/api/company/company.service.ts[0m [2m──────────────────────────[0m
[2m│[0m [2m      void auditLogService.record({[0m
[2m│[0m [2m        userId,[0m
[2m│[0m [31m-[0m       action: [31m[1mAUDIT_ACTIONS.COMPANY_UPDATED,[0m
[2m│[0m [32m+[0m       action: [32m[1m"company.updated",[0m
[2m│[0m [2m        metadata: { companyId: id },[0m
[2m│[0m [2m      });[0m
[2m└───────────────────────────────────────────────────────────────────────────────[0m
[2m
  ✎ edit…[0m[2m
  ✎ → apps/api/src/api/company/company.service.ts[0m
[2m┌─ [0m[38;2;59;130;246m[1m✎ edit apps/api/src/api/company/company.service.ts[0m [2m──────────────────────────[0m
[2m│[0m [2m        void auditLogService.record({[0m
[2m│[0m [2m          userId,[0m
[2m│[0m [31m-[0m         action: [31m[1mAUDIT_ACTIONS.COMPANY_DELETED,[0m
[2m│[0m [32m+[0m         action: [32m[1m"company.deleted",[0m
[2m│[0m [2m          metadata: { companyId: id },[0m
[2m│[0m [2m        });[0m
[2m└───────────────────────────────────────────────────────────────────────────────[0m

Now update the routes to add get-one, update, and delete:





[2m
  ✎ edit…[0m[2m
  ✎ → apps/api/src/api/company/company.routes.ts[0m[2m
  ⋯ 1.5KB streamed…[0m[2m
  ⋯ 3.2KB streamed…[0m

[2m┌─ [0m[38;2;59;130;246m[1m✎ edit apps/api/src/api/company/company.routes.ts[0m [2m───────────────────────────[0m
[2m│[0m [2m  import { t } from "elysia";[0m
[2m│[0m [2m  import { requireAuth } from "../auth/auth.plugin";[0m
[2m│[0m [2m  import { errorHandler } from "../../middleware/error-handler";[0m
[2m│[0m [31m- import { CreateCompanySchema, CompanyResponse } from "./company.schemas";[0m
[2m│[0m [32m+ import {[0m
[2m│[0m [32m+   CompanyResponse,[0m
[2m│[0m [32m+   CreateCompanySchema,[0m
[2m│[0m [32m+   UpdateCompanySchema,[0m
[2m│[0m [32m+ } from "./company.schemas";[0m
[2m│[0m [2m  import { companyService } from "./company.service";[0m
[2m│[0m [2m  [0m
[2m│[0m [2m  const companyRoutes = requireAuth()[0m
[2m│[0m [2m  ⋯[0m
[2m│[0m [2m      response: t.Array(CompanyResponse),[0m
[2m│[0m [2m      detail: {[0m
[2m│[0m [2m        tags: ["Company"],[0m
[2m│[0m [31m-[0m       summary: "List [31m[1mitems[0m for the current user",
[2m│[0m [32m+[0m       summary: "List [32m[1mcompanies[0m for the current user",
[2m│[0m [2m        security: [{ cookieAuth: [] }],[0m
[2m│[0m [2m      },[0m
[2m│[0m [2m    })[0m
[2m│[0m [32m+   .get([0m
[2m│[0m [32m+     "/:id",[0m
[2m│[0m [32m+     async ({ params: { id }, user }) =>[0m
[2m│[0m [32m+       companyService.getForUser(id, user.id),[0m
[2m│[0m [32m+     {[0m
[2m│[0m [32m+       params: t.Object({ id: t.String() }),[0m
[2m│[0m [32m+       response: CompanyResponse,[0m
[2m│[0m [32m+       detail: {[0m
[2m│[0m [32m+         tags: ["Company"],[0m
[2m│[0m [32m+         summary: "Get a company by id",[0m
[2m│[0m [32m+         security: [{ cookieAuth: [] }],[0m
[2m│[0m [32m+       },[0m
[2m│[0m [32m+     }[0m
[2m│[0m [32m+   )[0m
[2m│[0m [2m    .post([0m
[2m│[0m [2m      "/",[0m
[2m│[0m [2m      async ({ body, user }) =>[0m
[2m│[0m [2m  ⋯[0m
[2m│[0m [2m        response: CompanyResponse,[0m
[2m│[0m [2m        detail: {[0m
[2m│[0m [2m          tags: ["Company"],[0m
[2m│[0m [31m-[0m         summary: "Create [31m[1man[0m [31m[1mitem",[0m
[2m│[0m [32m+[0m         summary: "Create [32m[1ma[0m [32m[1mcompany",[0m
[2m│[0m [2m          security: [{ cookieAuth: [] }],[0m
[2m│[0m [2m        },[0m
[2m│[0m [2m      }[0m
[2m│[0m [32m+   )[0m
[2m│[0m [32m+   .patch([0m
[2m│[0m [32m+     "/:id",[0m
[2m│[0m [32m+     async ({ params: { id }, body, user }) =>[0m
[2m│[0m [32m+       companyService.updateForUser(id, user.id, body),[0m
[2m│[0m [32m+     {[0m
[2m│[0m [32m+       params: t.Object({ id: t.String() }),[0m
[2m│[0m [32m+       body: UpdateCompanySchema,[0m
[2m│[0m [32m+       response: CompanyResponse,[0m
[2m│[0m [32m+       detail: {[0m
[2m│[0m [32m+         tags: ["Company"],[0m
[2m│[0m [32m+         summary: "Update a company",[0m
[2m│[0m [32m+         security: [{ cookieAuth: [] }],[0m
[2m│[0m [32m+       },[0m
[2m│[0m [32m+     }[0m
[2m│[0m [32m+   )[0m
[2m│[0m [32m+   .delete([0m
[2m│[0m [32m+     "/:id",[0m
[2m│[0m [32m+     async ({ params: { id }, user }) =>[0m
[2m│[0m [32m+       companyService.deleteForUser(id, user.id),[0m
[2m│[0m [32m+     {[0m
[2m│[0m [32m+       params: t.Object({ id: t.String() }),[0m
[2m│[0m [32m+       response: t.Void(),[0m
[2m│[0m [32m+       detail: {[0m
[2m│[0m [32m+         tags: ["Company"],[0m
[2m│[0m [32m+         summary: "Delete a company",[0m
[2m│[0m [32m+         security: [{ cookieAuth: [] }],[0m
[2m│[0m [32m+       },[0m
[2m│[0m [32m+     }[0m
[2m│[0m [2m    );[0m
[2m│[0m [2m  [0m
[2m│[0m [2m  export default companyRoutes;[0m
[2m└───────────────────────────────────────────────────────────────────────────────[0m

Now update the types to include the new fields:





[2m
  ✎ edit…[0m[2m
  ✎ → apps/api/src/api/company/company.types.ts[0m

Good, the types are already correct since they use InferSelectModel/InferInsertModel which will pick up the new columns.

Now let me create the test files. First, the service test:





[2m
  ✎ create…[0m[2m
  ✎ → apps/api/tests/api/company/company.service.test.ts[0m

[2m┌─ [0m[32m[1m✚ create apps/api/tests/api/company/company.service.test.ts[0m [2m─────────────────[0m
[2m│[0m import { describe, expect, test } from "bun:test";
[2m│[0m 
[2m│[0m import { companyService } from "../../../src/api/company/company.service";
[2m│[0m 
[2m│[0m describe("CompanyService", () => {
[2m│[0m   test("exports a service with expected methods", () => {
[2m│[0m     expect(typeof companyService.listForUser).toBe("function");
[2m│[0m     expect(typeof companyService.getForUser).toBe("function");
[2m│[0m     expect(typeof companyService.create).toBe("function");
[2m│[0m     expect(typeof companyService.updateForUser).toBe("function");
[2m│[0m     expect(typeof companyService.deleteForUser).toBe("function");
[2m│[0m   });
[2m│[0m });
[2m└───────────────────────────────────────────────────────────────────────────────[0m

Now create the routes test:







[2m
  ✎ create…[0m[2m
  ✎ → apps/api/tests/api/company/company.routes.test.ts[0m[2m
  ⋯ 1.7KB streamed…[0m

[2m┌─ [0m[32m[1m✚ create apps/api/tests/api/company/company.routes.test.ts[0m [2m──────────────────[0m
[2m│[0m import { beforeEach, describe, expect, test } from "bun:test";
[2m│[0m 
[2m│[0m import { createApp } from "../../../src/config/app";
[2m│[0m import { cleanDatabase, requireDb } from "../../helpers/db";
[2m│[0m 
[2m│[0m const isCompanyBody = (
[2m│[0m   value: unknown
[2m│[0m ): value is {
[2m│[0m   id: string;
[2m│[0m   userId: string;
[2m│[0m   name: string;
[2m│[0m   industry: string | null;
[2m│[0m   website: string | null;
[2m│[0m   phone: string | null;
[2m│[0m   createdAt: string;
[2m│[0m   updatedAt: string;
[2m│[0m } =>
[2m│[0m   value !== null &&
[2m│[0m   typeof value === "object" &&
[2m│[0m   "id" in value &&
[2m│[0m   "name" in value &&
[2m│[0m   "userId" in value;
[2m│[0m 
[2m│[0m const isCompanyList = (value: unknown): value is unknown[] =>
[2m│[0m   Array.isArray(value);
[2m│[0m 
[2m│[0m describe("company routes", () => {
[2m│[0m   beforeEach(async () => {
[2m│[0m     if (await requireDb()) await cleanDatabase();
[2m│[0m   });
[2m│[0m 
[2m│[0m   test("GET /api/v1/company requires auth", async () => {
[2m│[0m     const res = await createApp().handle(
[2m│[0m       new Request("http://localhost/api/v1/company")
[2m│[0m     );
[2m│[0m     expect(res.status).toBe(401);
[2m│[0m   });
[2m│[0m 
[2m│[0m   test("GET /api/v1/company/:id requires auth", async () => {
[2m│[0m     const res = await createApp().handle(
[2m│[0m       new Request("http://localhost/api/v1/company/some-id")
[2m│[0m     );
[2m│[0m     expect(res.status).toBe(401);
[2m│[0m   });
[2m│[0m 
[2m│[0m   test("POST /api/v1/company requires auth", async () => {
[2m│[0m     const res = await createApp().handle(
[2m│[0m       new Request("http://localhost/api/v1/company", {
[2m│[0m         method: "POST",
[2m│[0m         headers: { "Content-Type": "application/json" },
[2m│[0m         body: JSON.stringify({ name: "Test Corp" }),
[2m│[0m       })
[2m│[0m     );
[2m│[0m     expect(res.status).toBe(401);
[2m│[0m   });
[2m│[0m 
[2m│[0m   test("PATCH /api/v1/company/:id requires auth", async () => {
[2m│[0m     const res = await createApp().handle(
[2m│[0m       new Request("http://localhost/api/v1/company/some-id", {
[2m│[0m         method: "PATCH",
[2m│[0m         headers: { "Content-Type": "application/json" },
[2m│[0m         body: JSON.stringify({ name: "Updated" }),
[2m│[0m       })
[2m│[0m     );
[2m│[0m     expect(res.status).toBe(401);
[2m│[0m   });
[2m│[0m 
[2m│[0m   test("DELETE /api/v1/company/:id requires auth", async () => {
[2m│[0m     const res = await createApp().handle(
[2m│[0m       new Request("http://localhost/api/v1/company/some-id", {
[2m│[0m         method: "DELETE",
[2m│[0m       })
[2m│[0m     );
[2m│[0m     expect(res.status).toBe(401);
[2m│[0m   });
[2m│[0m });
[2m└───────────────────────────────────────────────────────────────────────────────[0m

Now let me work on the UI side. First, update the UI schemas:





[2m
  ✎ edit…[0m[2m
  ✎ → apps/ui/src/features/company/Company.schemas.ts[0m

[2m┌─ [0m[38;2;59;130;246m[1m✎ edit apps/ui/src/features/company/Company.schemas.ts[0m [2m──────────────────────[0m
[2m│[0m [2m  import { z } from "zod";[0m
[2m│[0m [2m  [0m
[2m│[0m [2m  export const companyItemSchema = z.object({[0m
[2m│[0m [2m    id: z.uuid(),[0m
[2m│[0m [31m-   createdAt: z.string()[0m
[2m│[0m [32m+   userId: z.uuid(),[0m
[2m│[0m [32m+   name: z.string().min(1, "Name is required"),[0m
[2m│[0m [32m+   industry: z.string().nullable().optional(),[0m
[2m│[0m [32m+   website: z.string().nullable().optional(),[0m
[2m│[0m [32m+   phone: z.string().nullable().optional(),[0m
[2m│[0m [32m+   createdAt: z.string(),[0m
[2m│[0m [32m+   updatedAt: z.string(),[0m
[2m│[0m [2m  });[0m
[2m│[0m [32m+ [0m
[2m│[0m [32m+ export const companyCreateSchema = z.object({[0m
[2m│[0m [32m+   name: z.string().min(1, "Name is required"),[0m
[2m│[0m [32m+   industry: z.string().optional(),[0m
[2m│[0m [32m+   website: z.string().optional(),[0m
[2m│[0m [32m+   phone: z.string().optional(),[0m
[2m│[0m [32m+ });[0m
[2m│[0m [32m+ [0m
[2m│[0m [32m+ export const companyUpdateSchema = z.object({[0m
[2m│[0m [32m+   name: z.string().min(1, "Name is required").optional(),[0m
[2m│[0m [32m+   industry: z.string().optional(),[0m
[2m│[0m [32m+   website: z.string().optional(),[0m
[2m│[0m [32m+   phone: z.string().optional(),[0m
[2m│[0m [32m+ });[0m
[2m└───────────────────────────────────────────────────────────────────────────────[0m
  [2m⚙ forcing a gate after 9 edits without a checkpoint[0m
  [2m⚙ running gate · turn 28…[0m
[33m  • task session · turn 28: red (5 error(s)):
  'isCompanyBody' is assigned a value but never used. Allowed unused vars must match /^_/u.
  'isCompanyList' is assigned a value but never used. Allowed unused vars must match /^_/u.
  Cannot find name 'ApiError'. Did you mean 'ApiErrors'?
  'isCompanyBody' is declared but its value is never read.
  'isCompanyList' is declared but its value is never read.[0m
[2m
  ✎ edit…[0m[2m
  ✎ → apps/api/tests/api/company/company.routes.test.ts[0m
[2m┌─ [0m[38;2;59;130;246m[1m✎ edit apps/api/tests/api/company/company.routes.test.ts[0m [2m────────────────────[0m
[2m│[0m [31m- const isCompanyBody = ([0m
[2m│[0m [31m-   value: unknown[0m
[2m│[0m [31m- ): value is {[0m
[2m│[0m [31m-   id: string;[0m
[2m│[0m [31m-   userId: string;[0m
[2m│[0m [31m-   name: string;[0m
[2m│[0m [31m-   industry: string | null;[0m
[2m│[0m [31m-   website: string | null;[0m
[2m│[0m [31m-   phone: string | null;[0m
[2m│[0m [31m-   createdAt: string;[0m
[2m│[0m [31m-   updatedAt: string;[0m
[2m│[0m [31m- } =>[0m
[2m│[0m [31m-   value !== null &&[0m
[2m│[0m [31m-   typeof value === "object" &&[0m
[2m│[0m [31m-   "id" in value &&[0m
[2m│[0m [31m-   "name" in value &&[0m
[2m│[0m [31m-   "userId" in value;[0m
[2m│[0m [31m- [0m
[2m│[0m [31m- const isCompanyList = (value: unknown): value is unknown[] =>[0m
[2m│[0m [31m-   Array.isArray(value);[0m
[2m│[0m [31m- [0m
[2m│[0m [2m  describe("company routes", () => {[0m
[2m└───────────────────────────────────────────────────────────────────────────────[0m
[2m
  ✎ edit…[0m[2m
  ✎ → apps/api/src/api/company/company.service.ts[0m
[2m┌─ [0m[38;2;59;130;246m[1m✎ edit apps/api/src/api/company/company.service.ts[0m [2m──────────────────────────[0m
[2m│[0m [31m-[0m import { ApiErrors } from "../../lib/errors";
[2m│[0m [32m+[0m import { [32m[1mApiError,[0m[32m[1m [0mApiErrors } from "../../lib/errors";
[2m│[0m [2m  import { getErrorMessage } from "../../lib/errors/errors.utils";[0m
[2m└───────────────────────────────────────────────────────────────────────────────[0m

Now let me update the UI queries and mutations to use real API calls. First, the queries:





[2m
  ✎ edit…[0m[2m
  ✎ → apps/ui/src/features/company/Company.queries.ts[0m
  [2mtool_rejected:edit:not-found (edit apps/ui/src/features/company/Company.queries.ts REJECTED: the file apps/ui/src/features/company/Company.queries.ts EXISTS, but your oldString was not found in it (it was auto-reformatted after your last write — imports reordered, quotes/commas normalized). Do NOT recreate or rewrite the file — copy a fresh oldString verbatim from its CURRENT content and make a targeted `edit`. Its CURRENT content is below — copy oldString verbatim from it and retry (no need to `read`):

1:import { type UseQueryResult, useQuery } from "@tanstack/react-query";
2:
3:import { COMPANY_QUERY_KEYS } from "./Company.constants";
4:import type { ICompanyItem } from "./Company.types";
5:
6:/**
7: * Replace the queryFn stub with a typed call. Errors THROW via the client
8: * middleware — do NOT check `response.error` (dead `no-unnecessary-condition`).
9: * Read `data`:
10: *
11: *   import { apiClient } from "@/lib/api/client";
12: *   queryFn: async (): Promise<ICompanyItem[]> => {
13: *     const { data } = await apiClient.GET("/api/company");
14: *     return data ?? [];
15: *   }
16: *
17: * Run `bun run generate:api` after the endpoint is added to the OpenAPI spec.
18: */
19:export function useCompany(): UseQueryResult<ICompanyItem[]> {
20:  return useQuery({
21:    queryKey: COMPANY_QUERY_KEYS.list,
22:    queryFn: async (): Promise<ICompanyItem[]> => Promise.resolve([])
23:  });
24:}
25:)[0m
[2m
  ✎ edit…[0m[2m
  ✎ → apps/ui/src/features/company/Company.queries.ts[0m[2m
  ⋯ 1.5KB streamed…[0m
[2m┌─ [0m[38;2;59;130;246m[1m✎ edit apps/ui/src/features/company/Company.queries.ts[0m [2m──────────────────────[0m
[2m│[0m [2m  import { type UseQueryResult, useQuery } from "@tanstack/react-query";[0m
[2m│[0m [2m  [0m
[2m│[0m [32m+ import { apiClient } from "@/lib/api/client";[0m
[2m│[0m [32m+ [0m
[2m│[0m [2m  import { COMPANY_QUERY_KEYS } from "./Company.constants";[0m
[2m│[0m [2m  import type { ICompanyItem } from "./Company.types";[0m
[2m│[0m [2m  [0m
[2m│[0m [31m- /**[0m
[2m│[0m [31m-  * Replace the queryFn stub with a typed call. Errors THROW via the client[0m
[2m│[0m [31m-  * middleware — do NOT check `response.error` (dead `no-unnecessary-condition`).[0m
[2m│[0m [31m-  * Read `data`:[0m
[2m│[0m [31m-  *[0m
[2m│[0m [31m-  *   import { apiClient } from "@/lib/api/client";[0m
[2m│[0m [31m-  *   queryFn: async (): Promise<ICompanyItem[]> => {[0m
[2m│[0m [31m-  *     const { data } = await apiClient.GET("/api/company");[0m
[2m│[0m [31m-  *     return data ?? [];[0m
[2m│[0m [31m-  *   }[0m
[2m│[0m [31m-  *[0m
[2m│[0m [31m-  * Run `bun run generate:api` after the endpoint is added to the OpenAPI spec.[0m
[2m│[0m [31m-  */[0m
[2m│[0m [2m  export function useCompany(): UseQueryResult<ICompanyItem[]> {[0m
[2m│[0m [2m    return useQuery({[0m
[2m│[0m [2m      queryKey: COMPANY_QUERY_KEYS.list,[0m
[2m│[0m [31m-     queryFn: async (): Promise<ICompanyItem[]> => Promise.resolve([])[0m
[2m│[0m [32m+     queryFn: async (): Promise<ICompanyItem[]> => {[0m
[2m│[0m [32m+       const { data } = await apiClient.GET("/api/v1/company/");[0m
[2m│[0m [32m+ [0m
[2m│[0m [32m+       return data ?? [];[0m
[2m│[0m [32m+     }[0m
[2m│[0m [2m    });[0m
[2m│[0m [2m  }[0m
[2m└───────────────────────────────────────────────────────────────────────────────[0m

Now update the mutations:





[2m
  ✎ read…[0m
  [2mread apps/ui/src/features/company/Company.mutations.ts[0m
[2m
  ✎ edit…[0m[2m
  ✎ → apps/ui/src/features/company/Company.mutations.ts[0m[2m
  ⋯ 1.7KB streamed…[0m[2m
  ⋯ 3.1KB streamed…[0m
[2m┌─ [0m[38;2;59;130;246m[1m✎ edit apps/ui/src/features/company/Company.mutations.ts[0m [2m────────────────────[0m
[2m│[0m [2m  import {[0m
[2m│[0m [2m    type UseMutationResult,[0m
[2m│[0m [2m    useMutation,[0m
[2m│[0m [2m    useQueryClient[0m
[2m│[0m [2m  } from "@tanstack/react-query";[0m
[2m│[0m [2m  [0m
[2m│[0m [32m+ import { apiClient } from "@/lib/api/client";[0m
[2m│[0m [32m+ [0m
[2m│[0m [2m  import { COMPANY_QUERY_KEYS } from "./Company.constants";[0m
[2m│[0m [2m  import type { ICompanyItem } from "./Company.types";[0m
[2m│[0m [2m  [0m
[2m│[0m [31m- /**[0m
[2m│[0m [31m-  * Replace the mutationFn stub with a typed call. Errors THROW via the client[0m
[2m│[0m [31m-  * middleware — do NOT check `response.error` (it is typed `undefined`, so any[0m
[2m│[0m [31m-  * such guard is a dead `no-unnecessary-condition` lint error). Read `data`:[0m
[2m│[0m [31m-  *[0m
[2m│[0m [31m-  *   import { apiClient } from "@/lib/api/client";[0m
[2m│[0m [31m-  *   mutationFn: async (input: ICompanyItem): Promise<ICompanyItem> => {[0m
[2m│[0m [31m-  *     const { data } = await apiClient.POST("/api/company", { body: input });[0m
[2m│[0m [31m-  *     return data;[0m
[2m│[0m [31m-  *   }[0m
[2m│[0m [31m-  *[0m
[2m│[0m [31m-  * Run `bun run generate:api` after the endpoint is added to the OpenAPI spec.[0m
[2m│[0m [31m-  */[0m
[2m│[0m [2m  export function useCreateCompany(): UseMutationResult<[0m
[2m│[0m [2m    ICompanyItem,[0m
[2m│[0m [2m    unknown,[0m
[2m│[0m [2m  ⋯[0m
[2m│[0m [2m    const queryClient = useQueryClient();[0m
[2m│[0m [2m  [0m
[2m│[0m [2m    return useMutation({[0m
[2m│[0m [31m-     mutationFn: async (input: ICompanyItem): Promise<ICompanyItem> =>[0m
[2m│[0m [31m-       Promise.resolve(input),[0m
[2m│[0m [32m+     mutationFn: async (input: ICompanyItem): Promise<ICompanyItem> => {[0m
[2m│[0m [32m+       const { data } = await apiClient.POST("/api/v1/company/", {[0m
[2m│[0m [32m+         body: input[0m
[2m│[0m [32m+       });[0m
[2m│[0m [32m+ [0m
[2m│[0m [32m+       return data;[0m
[2m│[0m [32m+     },[0m
[2m│[0m [2m      onSuccess: () => {[0m
[2m│[0m [2m        void queryClient.invalidateQueries({[0m
[2m│[0m [2m          queryKey: COMPANY_QUERY_KEYS.list[0m
[2m│[0m [2m  ⋯[0m
[2m│[0m [2m      }[0m
[2m│[0m [2m    });[0m
[2m│[0m [2m  }[0m
[2m│[0m [32m+ [0m
[2m│[0m [32m+ export function useUpdateCompany(): UseMutationResult<[0m
[2m│[0m [32m+   ICompanyItem,[0m
[2m│[0m [32m+   unknown,[0m
[2m│[0m [32m+   { id: string; data: Partial<ICompanyItem> }[0m
[2m│[0m [32m+ > {[0m
[2m│[0m [32m+   const queryClient = useQueryClient();[0m
[2m│[0m [32m+ [0m
[2m│[0m [32m+   return useMutation({[0m
[2m│[0m [32m+     mutationFn: async ({[0m
[2m│[0m [32m+       id,[0m
[2m│[0m [32m+       data[0m
[2m│[0m [32m+     }: {[0m
[2m│[0m [32m+       id: string;[0m
[2m│[0m [32m+       data: Partial<ICompanyItem>;[0m
[2m│[0m [32m+     }): Promise<ICompanyItem> => {[0m
[2m│[0m [32m+       const { data: updated } = await apiClient.PATCH([0m
[2m│[0m [32m+         "/api/v1/company/{id}",[0m
[2m│[0m [32m+         {[0m
[2m│[0m [32m+           params: { path: { id } },[0m
[2m│[0m [32m+           body: data[0m
[2m│[0m [32m+         }[0m
[2m│[0m [32m+       );[0m
[2m│[0m [32m+ [0m
[2m│[0m [32m+       return updated;[0m
[2m│[0m [32m+     },[0m
[2m│[0m [32m+     onSuccess: () => {[0m
[2m│[0m [32m+       void queryClient.invalidateQueries({[0m
[2m│[0m [32m+         queryKey: COMPANY_QUERY_KEYS.list[0m
[2m│[0m [32m+       });[0m
[2m│[0m [32m+     }[0m
[2m│[0m [32m+   });[0m
[2m│[0m [32m+ }[0m
[2m│[0m [32m+ [0m
[2m│[0m [32m+ export function useDeleteCompany(): UseMutationResult<[0m
[2m│[0m [32m+   unknown,[0m
[2m│[0m [32m+   unknown,[0m
[2m│[0m [32m+   string[0m
[2m│[0m [32m+ > {[0m
[2m│[0m [32m+   const queryClient = useQueryClient();[0m
[2m│[0m [32m+ [0m
[2m│[0m [32m+   return useMutation({[0m
[2m│[0m [32m+     mutationFn: async (id: string): Promise<unknown> => {[0m
[2m│[0m [32m+       const { data } = await apiClient.DELETE("/api/v1/company/{id}", {[0m
[2m│[0m [32m+         params: { path: { id } }[0m
[2m│[0m [32m+       });[0m
[2m│[0m [32m+ [0m
[2m│[0m [32m+       return data;[0m
[2m│[0m [32m+     },[0m
[2m│[0m [32m+     onSuccess: () => {[0m
[2m│[0m [32m+       void queryClient.invalidateQueries({[0m
[2m│[0m [32m+         queryKey: COMPANY_QUERY_KEYS.list[0m
[2m│[0m [32m+       });[0m
[2m│[0m [32m+     }[0m
[2m│[0m [32m+   });[0m
[2m│[0m [32m+ }[0m
[2m└───────────────────────────────────────────────────────────────────────────────[0m

Now let me create the CompanyList and CompanyForm components. First, let me create the utils file with the makeIdHandler:





[2m
  ✎ edit…[0m[2m
  ✎ → apps/ui/src/features/company/Company.utils.ts[0m
  [2mtool_rejected:edit:not-found (edit apps/ui/src/features/company/Company.utils.ts REJECTED: the file apps/ui/src/features/company/Company.utils.ts EXISTS, but your oldString was not found in it (it was auto-reformatted after your last write — imports reordered, quotes/commas normalized). Do NOT recreate or rewrite the file — copy a fresh oldString verbatim from its CURRENT content and make a targeted `edit`. Its CURRENT content is below — copy oldString verbatim from it and retry (no need to `read`):

1:import type { ICompanyItem } from "./Company.types";
2:
3:export function sortCompanyByCreated(
4:  items: readonly ICompanyItem[]
5:): ICompanyItem[] {
6:  return [...items].sort((a, b) => a.createdAt.localeCompare(b.createdAt));
7:}
8:)[0m
[2m
  ✎ edit…[0m[2m
  ✎ → apps/ui/src/features/company/Company.utils.ts[0m
[2m┌─ [0m[38;2;59;130;246m[1m✎ edit apps/ui/src/features/company/Company.utils.ts[0m [2m────────────────────────[0m
[2m│[0m [2m  ⋯[0m
[2m│[0m [2m  ): ICompanyItem[] {[0m
[2m│[0m [2m    return [...items].sort((a, b) => a.createdAt.localeCompare(b.createdAt));[0m
[2m│[0m [2m  }[0m
[2m│[0m [32m+ [0m
[2m│[0m [32m+ export function makeIdHandler([0m
[2m│[0m [32m+   fn: (id: string) => void[0m
[2m│[0m [32m+ ): (id: string) => () => void {[0m
[2m│[0m [32m+   return (id: string) => (): void => {[0m
[2m│[0m [32m+     fn(id);[0m
[2m│[0m [32m+   };[0m
[2m│[0m [32m+ }[0m
[2m└───────────────────────────────────────────────────────────────────────────────[0m

Now let me create the CompanyList component. First, let me check what the existing component folder structure looks like:





[2m
  ✎ run…[0m
  [2m↳ run ls -la apps/ui/src/features/company/components/[0m

[2m┌─ [0m[33m[1m→ $ ls -la apps/ui/src/features/company/components/ (exit 0)[0m [2m────────────────[0m
[2m│[0m total 0
[2m│[0m drwxr-xr-x@  3 ag  staff   96 Jul 22 17:55 .
[2m│[0m drwxr-xr-x@ 10 ag  staff  320 Jul 22 17:55 ..
[2m│[0m drwxr-xr-x@  9 ag  staff  288 Jul 22 17:55 CompanyPage
[2m└───────────────────────────────────────────────────────────────────────────────[0m

I need to create CompanyList and CompanyForm components. Let me create them:







[2m
  ✎ create…[0m[2m
  ✎ → apps/ui/src/features/company/components/CompanyList/CompanyList.types.ts[0m

[2m┌─ [0m[32m[1m✚ create apps/ui/src/features/company/components/CompanyList/CompanyList.types.ts[0m [2m[0m
[2m│[0m import type { ICompanyItem } from "../../Company.types";
[2m│[0m 
[2m│[0m export interface ICompanyListView {
[2m│[0m   readonly isLoading: boolean;
[2m│[0m   readonly isError: boolean;
[2m│[0m   readonly items: ICompanyItem[];
[2m│[0m   readonly onEdit: (id: string) => void;
[2m│[0m   readonly onDelete: (id: string) => void;
[2m│[0m   readonly onCreate: () => void;
[2m│[0m   readonly pendingDeleteId: string | null;
[2m│[0m }
[2m└───────────────────────────────────────────────────────────────────────────────[0m
[2m
  ✎ create…[0m[2m
  ✎ → apps/ui/src/features/company/components/CompanyList/CompanyList.hooks.ts[0m
[2m┌─ [0m[32m[1m✚ create apps/ui/src/features/company/components/CompanyList/CompanyList.hooks.ts[0m [2m[0m
[2m│[0m import { useCallback, useState } from "react";
[2m│[0m 
[2m│[0m import { useCompany } from "../../Company.queries";
[2m│[0m import { useDeleteCompany } from "../../Company.mutations";
[2m│[0m import type { ICompanyListView } from "./CompanyList.types";
[2m│[0m 
[2m│[0m export function useCompanyList(
[2m│[0m   onEdit: (id: string) => void,
[2m│[0m   onCreate: () => void
[2m│[0m ): ICompanyListView {
[2m│[0m   const query = useCompany();
[2m│[0m   const deleteMutation = useDeleteCompany();
[2m│[0m   const [pendingDeleteId, setPendingDeleteId] = useState<string | null>(null);
[2m│[0m 
[2m│[0m   const onDelete = useCallback(
[2m│[0m     (id: string): void => {
[2m│[0m       setPendingDeleteId(id);
[2m│[0m       deleteMutation.mutate(id, {
[2m│[0m         onSettled: () => {
[2m│[0m           setPendingDeleteId(null);
[2m│[0m         }
[2m│[0m       });
[2m│[0m     },
[2m│[0m     [deleteMutation]
[2m│[0m   );
[2m│[0m 
[2m│[0m   return {
[2m│[0m     isLoading: query.isPending,
[2m│[0m     isError: query.isError,
[2m│[0m     items: query.data ?? [],
[2m│[0m     onEdit,
[2m│[0m     onDelete,
[2m│[0m     onCreate,
[2m│[0m     pendingDeleteId
[2m│[0m   };
[2m│[0m }
[2m└───────────────────────────────────────────────────────────────────────────────[0m

checkpoint: turn 40
[2m
  ✎ create…[0m[2m
  ✎ → apps/ui/src/features/company/components/CompanyList/CompanyList.tsx[0m[2m
  ⋯ 1.6KB streamed…[0m[2m
  ⋯ 3.1KB streamed…[0m[2m
  ⋯ 4.6KB streamed…[0m
[2m┌─ [0m[32m[1m✚ create apps/ui/src/features/company/components/CompanyList/CompanyList.tsx[0m [2m[0m
[2m│[0m import type { FC } from "react";
[2m│[0m 
[2m│[0m import { useTranslation } from "react-i18next";
[2m│[0m 
[2m│[0m import { Button } from "@/components/ui/button";
[2m│[0m 
[2m│[0m import { useCompanyList } from "./CompanyList.hooks";
[2m│[0m import { makeIdHandler } from "../../Company.utils";
[2m│[0m 
[2m│[0m interface ICompanyListProps {
[2m│[0m   readonly onEdit: (id: string) => void;
[2m│[0m   readonly onCreate: () => void;
[2m│[0m }
[2m│[0m 
[2m│[0m const CompanyList: FC<ICompanyListProps> = ({ onEdit, onCreate }) => {
[2m│[0m   const { t } = useTranslation();
[2m│[0m   const { isLoading, isError, items, onDelete, pendingDeleteId } =
[2m│[0m     useCompanyList(onEdit, onCreate);
[2m│[0m 
[2m│[0m   const editHandler = makeIdHandler(onEdit);
[2m│[0m   const deleteHandler = makeIdHandler(onDelete);
[2m│[0m 
[2m│[0m   const renderRows = items.map((row) => (
[2m│[0m     <tr
[2m│[0m       key={row.id}
[2m│[0m       data-testid='company-row'
[2m│[0m       className='border-border-strong/30 hover:bg-primary-low/20 border-b transition-colors last:border-0'
[2m│[0m     >
[2m│[0m       <td
[2m│[0m         data-testid='company-row-name'
[2m│[0m         className='text-foreground px-4 py-3 text-sm'
[2m│[0m       >
[2m│[0m         {row.name}
[2m│[0m       </td>
[2m│[0m       <td
[2m│[0m         data-testid='company-row-industry'
[2m│[0m         className='text-muted-foreground px-4 py-3 text-sm'
[2m│[0m       >
[2m│[0m         {row.industry ?? "-"}
[2m│[0m       </td>
[2m│[0m       <td
[2m│[0m         data-testid='company-row-website'
[2m│[0m         className='text-muted-foreground px-4 py-3 text-sm'
[2m│[0m       >
[2m│[0m         {row.website ?? "-"}
[2m│[0m       </td>
[2m│[0m       <td
[2m│[0m         data-testid='company-row-phone'
[2m│[0m         className='text-muted-foreground px-4 py-3 text-sm'
[2m│[0m       >
[2m│[0m         {row.phone ?? "-"}
[2m│[0m       </td>
[2m│[0m       <td className='flex gap-2 px-4 py-3'>
[2m│[0m         <Button
[2m│[0m           type='button'
[2m│[0m           size='sm'
[2m│[0m           data-testid='company-row-edit'
[2m│[0m           onClick={editHandler(row.id)}
[2m│[0m         >
[2m│[0m           {t("features.company.edit")}
[2m│[0m         </Button>
[2m│[0m         <Button
[2m│[0m           type='button'
[2m│[0m           variant='destructive'
[2m│[0m           size='sm'
[2m│[0m           data-testid='company-row-delete'
[2m│[0m           onClick={deleteHandler(row.id)}
[2m│[0m           disabled={pendingDeleteId !== null}
[2m│[0m         >
[2m│[0m           {pendingDeleteId === row.id
[2m│[0m             ? t("features.company.deleting")
[2m│[0m             : t("features.company.delete")}
[2m│[0m         </Button>
[2m│[0m       </td>
[2m│[0m     </tr>
[2m│[0m   ));
[2m│[0m 
[2m│[0m   return (
[2m│[0m     <section className='border-border-strong/40 bg-panel flex flex-col gap-4 rounded-2xl border p-6'>
[2m│[0m       <div className='flex items-center justify-between'>
[2m│[0m         <h2 className='text-foreground text-lg font-semibold'>
[2m│[0m           {t("features.company.title")}
[2m│[0m         </h2>
[2m│[0m         <Button
[2m│[0m           type='button'
[2m│[0m           data-testid='company-create'
[2m│[0m           onClick={onCreate}
[2m│[0m         >
[2m│[0m           {t("features.company.create")}
[2m│[0m         </Button>
[2m│[0m       </div>
[2m│[0m 
[2m│[0m       {isLoading ? (
[2m│[0m         <p
[2m│[0m           role='status'
[2m│[0m           aria-live='polite'
[2m│[0m           className='text-muted-foreground text-sm'
[2m│[0m         >
[2m│[0m           {t("common.loading")}
[2m│[0m         </p>
[2m│[0m       ) : null}
[2m│[0m 
[2m│[0m       {isError ? (
[2m│[0m         <p role='alert' className='text-destructive text-sm'>
[2m│[0m           {t("features.company.loadError")}
[2m│[0m         </p>
[2m│[0m       ) : null}
[2m│[0m 
[2m│[0m       {!isLoading && !isError && items.length === 0 ? (
[2m│[0m         <p
[2m│[0m           data-testid='company-empty'
[2m│[0m           className='text-muted-foreground text-sm'
[2m│[0m         >
[2m│[0m           {t("features.company.empty")}
[2m│[0m         </p>
[2m│[0m       ) : null}
[2m│[0m 
[2m│[0m       {items.length > 0 ? (
[2m│[0m         <table
[2m│[0m           data-testid='company-list'
[2m│[0m           className='w-full text-left'
[2m│[0m         >
[2m│[0m           <thead>
[2m│[0m             <tr className='border-border-strong/40 border-b'>
[2m│[0m               <th className='text-muted-foreground px-4 py-3 text-xs tracking-[0.18em] uppercase'>
[2m│[0m                 {t("features.company.columns.name")}
[2m│[0m               </th>
[2m│[0m               <th className='text-muted-foreground px-4 py-3 text-xs tracking-[0.18em] uppercase'>
[2m│[0m                 {t("features.company.columns.industry")}
[2m│[0m               </th>
[2m│[0m               <th className='text-muted-foreground px-4 py-3 text-xs tracking-[0.18em] uppercase'>
[2m│[0m                 {t("features.company.columns.website")}
[2m│[0m               </th>
[2m│[0m               <th className='text-muted-foreground px-4 py-3 text-xs tracking-[0.18em] uppercase'>
[2m│[0m                 {t("features.company.columns.phone")}
[2m│[0m               </th>
[2m│[0m               <th className='text-muted-foreground px-4 py-3 text-xs tracking-[0.18em] uppercase'>
[2m│[0m                 {t("features.company.columns.actions")}
[2m│[0m               </th>
[2m│[0m             </tr>
[2m│[0m           </thead>
[2m│[0m           <tbody>{renderRows}</tbody>
[2m│[0m         </table>
[2m│[0m       ) : null}
[2m│[0m     </section>
[2m│[0m   );
[2m│[0m };
[2m│[0m 
[2m│[0m CompanyList.displayName = "CompanyList";
[2m│[0m 
[2m│[0m export default CompanyList;
[2m│[0m export { CompanyList };
[2m└───────────────────────────────────────────────────────────────────────────────[0m
[2m
  ✎ create…[0m[2m
  ✎ → apps/ui/src/features/company/components/CompanyList/index.ts[0m
⚠ TTSR interrupted: no-as-cast



I need to check what file has the [38;2;96;165;250mas[0m cast issue. Let me run the gate to see:

[2m
  ✎ check…[0m
  [2mcheck: running the gate[0m
  [2m⚙ running gate · turn 0…[0m

I need to:
1. Create the missing sibling files for CompanyList (stories, test, index)
2. Add the i18n keys
3. Create test siblings for mutations, queries, utils
4. Create the CompanyForm component

Let me start fixing all these issues. First, let me create the index.ts for CompanyList:





[2m
  ✎ create…[0m[2m
  ✎ → apps/ui/src/features/company/components/CompanyList/index.ts[0m

⚠ TTSR interrupted: no-as-cast
  [2mTTSR rule no-as-cast silenced after repeated interrupts (other rules stay active)[0m



Let me check what file has the [38;2;96;165;250mas[0m cast issue:

[2m
  ✎ check…[0m
  [2mcheck: running the gate[0m
  [2m⚙ running gate · turn 0…[0m

OK, no [38;2;96;165;250mas[0m cast issue — the previous message was a false alarm. Let me fix all the issues now. First, the CompanyList.tsx has an [38;2;96;165;250minterface[0m in it — I need to move the props interface to the types file. Let me re-read the current file:





[2m
  ✎ read…[0m
  [2mread apps/ui/src/features/company/components/CompanyList/CompanyList.tsx[0m

I need to move the interface to the types file and fix the component. Let me do all the fixes in parallel:

1. Move ICompanyListProps to types file
2. Create index.ts, stories.tsx, test.tsx for CompanyList
3. Add i18n keys
4. Create test siblings

Let me start:





[2m
  ✎ edit…[0m[2m
  ✎ → apps/ui/src/features/company/components/CompanyList/CompanyList.types.ts[0m

[2m┌─ [0m[38;2;59;130;246m[1m✎ edit apps/ui/src/features/company/components/CompanyList/CompanyList.types.ts[0m [2m[0m
[2m│[0m [2m  import type { ICompanyItem } from "../../Company.types";[0m
[2m│[0m [2m  [0m
[2m│[0m [32m+ export interface ICompanyListProps {[0m
[2m│[0m [32m+   readonly onEdit: (id: string) => void;[0m
[2m│[0m [32m+   readonly onCreate: () => void;[0m
[2m│[0m [32m+ }[0m
[2m│[0m [32m+ [0m
[2m│[0m [2m  export interface ICompanyListView {[0m
[2m│[0m [2m    readonly isLoading: boolean;[0m
[2m│[0m [2m    readonly isError: boolean;[0m
[2m│[0m [2m  ⋯[0m
[2m└───────────────────────────────────────────────────────────────────────────────[0m
  [2m⚙ forcing a gate after 9 edits without a checkpoint[0m
  [2m⚙ running gate · turn 46…[0m
[33m  • task session · turn 46: red (15 error(s)):
  Component 'CompanyList' is missing required siblings: CompanyList.stories.tsx, CompanyList.test.tsx, index.ts
  Mixed semantic categories detected in module: - type - react-component A module must contain only one semantic concern. Move declarations into separate files/modules.
  Translation key "features.company.edit" is not defined in src/lib/i18n/locales/en/common.json (static keys only; dynamic templates are not checked).
  Translation key "features.company.deleting" is not defined in src/lib/i18n/locales/en/common.json (static keys only; dynamic templates are not checked).
  Translation key "features.company.delete" is not defined in src/lib/i18n/locales/en/common.json (static keys only; dynamic templates are not checked).
  Translation key "features.company.create" is not defined in src/lib/i18n/locales/en/common.json (static keys only; dynamic templates are not checked).
  Translation key "features.company.loadError" is not defined in src/lib/i18n/locales/en/common.json (static keys only; dynamic templates are not checked).
  Translation key "features.company.columns.name" is not defined in src/lib/i18n/locales/en/common.json (static keys only; dynamic templates are not checked).
  Translation key "features.company.columns.industry" is not defined in src/lib/i18n/locales/en/common.json (static keys only; dynamic templates are not checked).
  Translation key "features.company.columns.website" is not defined in src/lib/i18n/locales/en/common.json (static keys only; dynamic templates are not checked).
  Translation key "features.company.columns.phone" is not defined in src/lib/i18n/locales/en/common.json (static keys only; dynamic templates are not checked).
  Translation key "features.company.columns.actions" is not defined in src/lib/i18n/locales/en/common.json (static keys only; dynamic templates are not checked).
  Missing test for a logic file you changed. Add `apps/ui/src/features/company/Company.mutations.test.ts` (co-located) or the mirrored `tests/` equivalent — the harness tests what it writes.
  Missing test for a logic file you changed. Add `apps/ui/src/features/company/Company.queries.test.ts` (co-located) or the mirrored `tests/` equivalent — the harness tests what it writes.
  Missing test for a logic file you changed. Add `apps/ui/src/features/company/Company.utils.test.ts` (co-located) or the mirrored `tests/` equivalent — the harness tests what it writes.[0m
  [2m📐 pushed 3 convention guide(s) beside the gate errors[0m
[2m
  ✎ edit…[0m[2m
  ✎ → apps/ui/src/features/company/components/CompanyList/CompanyList.tsx[0m
[2m┌─ [0m[38;2;59;130;246m[1m✎ edit apps/ui/src/features/company/components/CompanyList/CompanyList.tsx[0m [2m──[0m
[2m│[0m [2m  ⋯[0m
[2m│[0m [2m  [0m
[2m│[0m [2m  import { makeIdHandler } from "../../Company.utils";[0m
[2m│[0m [2m  import { useCompanyList } from "./CompanyList.hooks";[0m
[2m│[0m [31m- [0m
[2m│[0m [31m- interface ICompanyListProps {[0m
[2m│[0m [31m-   readonly onEdit: (id: string) => void;[0m
[2m│[0m [31m-   readonly onCreate: () => void;[0m
[2m│[0m [31m- }[0m
[2m│[0m [32m+ import type { ICompanyListProps } from "./CompanyList.types";[0m
[2m└───────────────────────────────────────────────────────────────────────────────[0m

Now create the missing sibling files for CompanyList:





[2m
  ✎ create…[0m[2m
  ✎ → apps/ui/src/features/company/components/CompanyList/index.ts[0m

[2m┌─ [0m[32m[1m✚ create apps/ui/src/features/company/components/CompanyList/index.ts[0m [2m───────[0m
[2m│[0m export { default as CompanyList } from "./CompanyList";
[2m└───────────────────────────────────────────────────────────────────────────────[0m
[2m
  ✎ create…[0m[2m
  ✎ → apps/ui/src/features/company/components/CompanyList/CompanyList.stories.tsx[0m
[2m┌─ [0m[32m[1m✚ create apps/ui/src/features/company/components/CompanyList/CompanyList.stories.tsx[0m [2m[0m
[2m│[0m import type { Meta, StoryObj } from "@storybook/react";
[2m│[0m 
[2m│[0m import { QueryClient, QueryClientProvider } from "@tanstack/react-query";
[2m│[0m import { MemoryRouter } from "react-router-dom";
[2m│[0m 
[2m│[0m import { CompanyList } from "./CompanyList";
[2m│[0m 
[2m│[0m const client = new QueryClient({ defaultOptions: { queries: { retry: false } } });
[2m│[0m 
[2m│[0m const Wrapper = ({ children }: { children: React.ReactNode }) => (
[2m│[0m   <QueryClientProvider client={client}>
[2m│[0m     <MemoryRouter>{children}</MemoryRouter>
[2m│[0m   </QueryClientProvider>
[2m│[0m );
[2m│[0m 
[2m│[0m const meta: Meta<typeof CompanyList> = {
[2m│[0m   title: "Features/Company/CompanyList",
[2m│[0m   component: CompanyList,
[2m│[0m   decorators: [(Story) => <Wrapper><Story /></Wrapper>],
[2m│[0m   parameters: { layout: "fullscreen" }
[2m│[0m };
[2m│[0m 
[2m│[0m export default meta;
[2m│[0m type Story = StoryObj<typeof CompanyList>;
[2m│[0m 
[2m│[0m export const Default: Story = {
[2m│[0m   args: {
[2m│[0m     onEdit: () => {},
[2m│[0m     onCreate: () => {}
[2m│[0m   }
[2m│[0m };
[2m└───────────────────────────────────────────────────────────────────────────────[0m
[2m
  ✎ create…[0m[2m
  ✎ → apps/ui/src/features/company/components/CompanyList/CompanyList.test.tsx[0m[2m
  ⋯ 1.5KB streamed…[0m
[2m┌─ [0m[32m[1m✚ create apps/ui/src/features/company/components/CompanyList/CompanyList.test.tsx[0m [2m[0m
[2m│[0m import { describe, it, expect, vi, beforeEach } from "vitest";
[2m│[0m import { render, screen } from "@testing-library/react";
[2m│[0m import { QueryClient, QueryClientProvider } from "@tanstack/react-query";
[2m│[0m import { MemoryRouter } from "react-router-dom";
[2m│[0m import { CompanyList } from "./CompanyList";
[2m│[0m 
[2m│[0m const apiMock = vi.hoisted(() => ({
[2m│[0m   GET: vi.fn(),
[2m│[0m   POST: vi.fn(),
[2m│[0m   PATCH: vi.fn(),
[2m│[0m   PUT: vi.fn(),
[2m│[0m   DELETE: vi.fn()
[2m│[0m }));
[2m│[0m 
[2m│[0m vi.mock("@/lib/api/client", () => ({ apiClient: apiMock }));
[2m│[0m 
[2m│[0m function createWrapper(): React.FC<{ children: React.ReactNode }> {
[2m│[0m   const client = new QueryClient({
[2m│[0m     defaultOptions: { queries: { retry: false } }
[2m│[0m   });
[2m│[0m 
[2m│[0m   return ({ children }: { children: React.ReactNode }) => (
[2m│[0m     <QueryClientProvider client={client}>
[2m│[0m       <MemoryRouter>{children}</MemoryRouter>
[2m│[0m     </QueryClientProvider>
[2m│[0m   );
[2m│[0m }
[2m│[0m 
[2m│[0m describe("CompanyList", () => {
[2m│[0m   beforeEach(() => {
[2m│[0m     vi.resetAllMocks();
[2m│[0m   });
[2m│[0m 
[2m│[0m   it("renders the create button", () => {
[2m│[0m     const Wrapper = createWrapper();
[2m│[0m     render(
[2m│[0m       <Wrapper>
[2m│[0m         <CompanyList onEdit={vi.fn()} onCreate={vi.fn()} />
[2m│[0m       </Wrapper>
[2m│[0m     );
[2m│[0m     expect(screen.getByTestId("company-create")).toBeInTheDocument();
[2m│[0m   });
[2m│[0m 
[2m│[0m   it("shows empty state when no items", () => {
[2m│[0m     apiMock.GET.mockResolvedValueOnce({ data: [] });
[2m│[0m     const Wrapper = createWrapper();
[2m│[0m     render(
[2m│[0m       <Wrapper>
[2m│[0m         <CompanyList onEdit={vi.fn()} onCreate={vi.fn()} />
[2m│[0m       </Wrapper>
[2m│[0m     );
[2m│[0m     expect(screen.getByTestId("company-empty")).toBeInTheDocument();
[2m│[0m   });
[2m│[0m });
[2m└───────────────────────────────────────────────────────────────────────────────[0m

Now add the i18n keys. Let me update both locale files:





[2m
  ✎ edit…[0m[2m
  ✎ → apps/ui/src/lib/i18n/locales/en/common.json[0m

[2m┌─ [0m[38;2;59;130;246m[1m✎ edit apps/ui/src/lib/i18n/locales/en/common.json[0m [2m──────────────────────────[0m
[2m│[0m [2m    "features": {[0m
[2m│[0m [2m      "company": {[0m
[2m│[0m [2m        "title": "Company",[0m
[2m│[0m [31m-       "empty": "Nothing here yet."[0m
[2m│[0m [32m+       "empty": "Nothing here yet.",[0m
[2m│[0m [32m+       "create": "Create company",[0m
[2m│[0m [32m+       "edit": "Edit",[0m
[2m│[0m [32m+       "delete": "Delete",[0m
[2m│[0m [32m+       "deleting": "Deleting…",[0m
[2m│[0m [32m+       "loadError": "Could not load companies.",[0m
[2m│[0m [32m+       "columns": {[0m
[2m│[0m [32m+         "name": "Name",[0m
[2m│[0m [32m+         "industry": "Industry",[0m
[2m│[0m [32m+         "website": "Website",[0m
[2m│[0m [32m+         "phone": "Phone",[0m
[2m│[0m [32m+         "actions": "Actions"[0m
[2m│[0m [32m+       },[0m
[2m│[0m [32m+       "form": {[0m
[2m│[0m [32m+         "title": "Company details",[0m
[2m│[0m [32m+         "createTitle": "Create company",[0m
[2m│[0m [32m+         "editTitle": "Edit company",[0m
[2m│[0m [32m+         "name": "Name",[0m
[2m│[0m [32m+         "industry": "Industry",[0m
[2m│[0m [32m+         "website": "Website",[0m
[2m│[0m [32m+         "phone": "Phone",[0m
[2m│[0m [32m+         "submit": "Save",[0m
[2m│[0m [32m+         "submitting": "Saving…",[0m
[2m│[0m [32m+         "cancel": "Cancel",[0m
[2m│[0m [32m+         "createError": "Could not create company.",[0m
[2m│[0m [32m+         "updateError": "Could not update company."[0m
[2m│[0m [32m+       },[0m
[2m│[0m [32m+       "confirmDelete": "Are you sure you want to delete this company?",[0m
[2m│[0m [32m+       "confirmDeleteTitle": "Delete company"[0m
[2m│[0m [2m      }[0m
[2m│[0m [2m    }[0m
[2m└───────────────────────────────────────────────────────────────────────────────[0m
[2m
  ✎ edit…[0m[2m
  ✎ → apps/ui/src/lib/i18n/locales/de/common.json[0m
[2m┌─ [0m[38;2;59;130;246m[1m✎ edit apps/ui/src/lib/i18n/locales/de/common.json[0m [2m──────────────────────────[0m
[2m│[0m [2m    "features": {[0m
[2m│[0m [2m      "company": {[0m
[2m│[0m [31m-       "title": "Company",[0m
[2m│[0m [31m-       "empty": "Nothing here yet."[0m
[2m│[0m [32m+       "title": "Unternehmen",[0m
[2m│[0m [32m+       "empty": "Noch keine Einträge.",[0m
[2m│[0m [32m+       "create": "Unternehmen erstellen",[0m
[2m│[0m [32m+       "edit": "Bearbeiten",[0m
[2m│[0m [32m+       "delete": "Löschen",[0m
[2m│[0m [32m+       "deleting": "Wird gelöscht…",[0m
[2m│[0m [32m+       "loadError": "Unternehmen konnten nicht geladen werden.",[0m
[2m│[0m [32m+       "columns": {[0m
[2m│[0m [32m+         "name": "Name",[0m
[2m│[0m [32m+         "industry": "Branche",[0m
[2m│[0m [32m+         "website": "Webseite",[0m
[2m│[0m [32m+         "phone": "Telefon",[0m
[2m│[0m [32m+         "actions": "Aktionen"[0m
[2m│[0m [32m+       },[0m
[2m│[0m [32m+       "form": {[0m
[2m│[0m [32m+         "title": "Unternehmensdetails",[0m
[2m│[0m [32m+         "createTitle": "Unternehmen erstellen",[0m
[2m│[0m [32m+         "editTitle": "Unternehmen bearbeiten",[0m
[2m│[0m [32m+         "name": "Name",[0m
[2m│[0m [32m+         "industry": "Branche",[0m
[2m│[0m [32m+         "website": "Webseite",[0m
[2m│[0m [32m+         "phone": "Telefon",[0m
[2m│[0m [32m+         "submit": "Speichern",[0m
[2m│[0m [32m+         "submitting": "Wird gespeichert…",[0m
[2m│[0m [32m+         "cancel": "Abbrechen",[0m
[2m│[0m [32m+         "createError": "Unternehmen konnte nicht erstellt werden.",[0m
[2m│[0m [32m+         "updateError": "Unternehmen konnte nicht aktualisiert werden."[0m
[2m│[0m [32m+       },[0m
[2m│[0m [32m+       "confirmDelete": "Bist du sicher, dass du dieses Unternehmen löschen möchtest?",[0m
[2m│[0m [32m+       "confirmDeleteTitle": "Unternehmen löschen"[0m
[2m│[0m [2m      }[0m
[2m│[0m [2m    }[0m
[2m└───────────────────────────────────────────────────────────────────────────────[0m

Now create the test siblings for mutations, queries, and utils:







[2m
  ✎ create…[0m[2m
  ✎ → apps/ui/src/features/company/Company.mutations.test.tsx[0m[2m
  ⋯ 1.6KB streamed…[0m

[2m┌─ [0m[32m[1m✚ create apps/ui/src/features/company/Company.mutations.test.tsx[0m [2m────────────[0m
[2m│[0m import { describe, it, expect, vi, beforeEach } from "vitest";
[2m│[0m import { renderHook, waitFor } from "@testing-library/react";
[2m│[0m import { QueryClient, QueryClientProvider } from "@tanstack/react-query";
[2m│[0m import type { ReactNode } from "react";
[2m│[0m 
[2m│[0m const apiMock = vi.hoisted(() => ({
[2m│[0m   GET: vi.fn(),
[2m│[0m   POST: vi.fn(),
[2m│[0m   PATCH: vi.fn(),
[2m│[0m   PUT: vi.fn(),
[2m│[0m   DELETE: vi.fn()
[2m│[0m }));
[2m│[0m 
[2m│[0m vi.mock("@/lib/api/client", () => ({ apiClient: apiMock }));
[2m│[0m 
[2m│[0m import { useCreateCompany, useUpdateCompany, useDeleteCompany } from "./Company.mutations";
[2m│[0m 
[2m│[0m function createWrapper(): React.FC<{ children: ReactNode }> {
[2m│[0m   const client = new QueryClient({
[2m│[0m     defaultOptions: { queries: { retry: false }, mutations: { retry: false } }
[2m│[0m   });
[2m│[0m 
[2m│[0m   return ({ children }: { children: ReactNode }) => (
[2m│[0m     <QueryClientProvider client={client}>{children}</QueryClientProvider>
[2m│[0m   );
[2m│[0m }
[2m│[0m 
[2m│[0m const mockCompany = {
[2m│[0m   id: "c1",
[2m│[0m   userId: "u1",
[2m│[0m   name: "Test Corp",
[2m│[0m   industry: null,
[2m│[0m   website: null,
[2m│[0m   phone: null,
[2m│[0m   createdAt: "2024-01-01T00:00:00Z",
[2m│[0m   updatedAt: "2024-01-01T00:00:00Z"
[2m│[0m };
[2m│[0m 
[2m│[0m describe("useCreateCompany", () => {
[2m│[0m   beforeEach(() => {
[2m│[0m     vi.resetAllMocks();
[2m│[0m   });
[2m│[0m 
[2m│[0m   it("calls POST /api/v1/company/ with the input", async () => {
[2m│[0m     apiMock.POST.mockResolvedValueOnce({ data: mockCompany });
[2m│[0m 
[2m│[0m     const { result } = renderHook(() => useCreateCompany(), {
[2m│[0m       wrapper: createWrapper()
[2m│[0m     });
[2m│[0m 
[2m│[0m     result.current.mutate({ name: "Test Corp" });
[2m│[0m 
[2m│[0m     await waitFor(() => {
[2m│[0m       expect(result.current.isSuccess).toBe(true);
[2m│[0m     });
[2m│[0m 
[2m│[0m     expect(apiMock.POST).toHaveBeenCalledWith("/api/v1/company/", {
[2m│[0m       body: { name: "Test Corp" }
[2m│[0m     });
[2m│[0m   });
[2m│[0m });
[2m│[0m 
[2m│[0m describe("useUpdateCompany", () => {
[2m│[0m   beforeEach(() => {
[2m│[0m     vi.resetAllMocks();
[2m│[0m   });
[2m│[0m 
[2m│[0m   it("calls PATCH /api/v1/company/{id} with the input", async () => {
[2m│[0m     apiMock.PATCH.mockResolvedValueOnce({ data: mockCompany });
[2m│[0m 
[2m│[0m     const { result } = renderHook(() => useUpdateCompany(), {
[2m│[0m       wrapper: createWrapper()
[2m│[0m     });
[2m│[0m 
[2m│[0m     result.current.mutate({ id: "c1", data: { name: "Updated Corp" } });
[2m│[0m 
[2m│[0m     await waitFor(() => {
[2m│[0m       expect(result.current.isSuccess).toBe(true);
[2m│[0m     });
[2m│[0m 
[2m│[0m     expect(apiMock.PATCH).toHaveBeenCalledWith("/api/v1/company/{id}", {
[2m│[0m       params: { path: { id: "c1" } },
[2m│[0m       body: { name: "Updated Corp" }
[2m│[0m     });
[2m│[0m   });
[2m│[0m });
[2m│[0m 
[2m│[0m describe("useDeleteCompany", () => {
[2m│[0m   beforeEach(() => {
[2m│[0m     vi.resetAllMocks();
[2m│[0m   });
[2m│[0m 
[2m│[0m   it("calls DELETE /api/v1/company/{id} with the id", async () => {
[2m│[0m     apiMock.DELETE.mockResolvedValueOnce({ data: null });
[2m│[0m 
[2m│[0m     const { result } = renderHook(() => useDeleteCompany(), {
[2m│[0m       wrapper: createWrapper()
[2m│[0m     });
[2m│[0m 
[2m│[0m     result.current.mutate("c1");
[2m│[0m 
[2m│[0m     await waitFor(() => {
[2m│[0m       expect(result.current.isSuccess).toBe(true);
[2m│[0m     });
[2m│[0m 
[2m│[0m     expect(apiMock.DELETE).toHaveBeenCalledWith("/api/v1/company/{id}", {
[2m│[0m       params: { path: { id: "c1" } }
[2m│[0m     });
[2m│[0m   });
[2m│[0m });
[2m└───────────────────────────────────────────────────────────────────────────────[0m
[2m
  ✎ create…[0m[2m
  ✎ → apps/ui/src/features/company/Company.queries.test.tsx[0m[2m
  ⋯ 1.7KB streamed…[0m
[2m┌─ [0m[32m[1m✚ create apps/ui/src/features/company/Company.queries.test.tsx[0m [2m──────────────[0m
[2m│[0m import { describe, it, expect, vi, beforeEach } from "vitest";
[2m│[0m import { renderHook, waitFor } from "@testing-library/react";
[2m│[0m import { QueryClient, QueryClientProvider } from "@tanstack/react-query";
[2m│[0m import type { ReactNode } from "react";
[2m│[0m 
[2m│[0m const apiMock = vi.hoisted(() => ({
[2m│[0m   GET: vi.fn(),
[2m│[0m   POST: vi.fn(),
[2m│[0m   PATCH: vi.fn(),
[2m│[0m   PUT: vi.fn(),
[2m│[0m   DELETE: vi.fn()
[2m│[0m }));
[2m│[0m 
[2m│[0m vi.mock("@/lib/api/client", () => ({ apiClient: apiMock }));
[2m│[0m 
[2m│[0m import { useCompany } from "./Company.queries";
[2m│[0m 
[2m│[0m function createWrapper(): React.FC<{ children: ReactNode }> {
[2m│[0m   const client = new QueryClient({
[2m│[0m     defaultOptions: { queries: { retry: false } }
[2m│[0m   });
[2m│[0m 
[2m│[0m   return ({ children }: { children: ReactNode }) => (
[2m│[0m     <QueryClientProvider client={client}>{children}</QueryClientProvider>
[2m│[0m   );
[2m│[0m }
[2m│[0m 
[2m│[0m const mockCompanies = [
[2m│[0m   {
[2m│[0m     id: "c1",
[2m│[0m     userId: "u1",
[2m│[0m     name: "Test Corp",
[2m│[0m     industry: null,
[2m│[0m     website: null,
[2m│[0m     phone: null,
[2m│[0m     createdAt: "2024-01-01T00:00:00Z",
[2m│[0m     updatedAt: "2024-01-01T00:00:00Z"
[2m│[0m   }
[2m│[0m ];
[2m│[0m 
[2m│[0m describe("useCompany", () => {
[2m│[0m   beforeEach(() => {
[2m│[0m     vi.resetAllMocks();
[2m│[0m   });
[2m│[0m 
[2m│[0m   it("fetches companies from GET /api/v1/company/", async () => {
[2m│[0m     apiMock.GET.mockResolvedValueOnce({ data: mockCompanies });
[2m│[0m 
[2m│[0m     const { result } = renderHook(() => useCompany(), {
[2m│[0m       wrapper: createWrapper()
[2m│[0m     });
[2m│[0m 
[2m│[0m     await waitFor(() => {
[2m│[0m       expect(result.current.isSuccess).toBe(true);
[2m│[0m     });
[2m│[0m 
[2m│[0m     expect(apiMock.GET).toHaveBeenCalledWith("/api/v1/company/");
[2m│[0m     expect(result.current.data).toEqual(mockCompanies);
[2m│[0m   });
[2m│[0m 
[2m│[0m   it("returns empty array when data is undefined", async () => {
[2m│[0m     apiMock.GET.mockResolvedValueOnce({ data: undefined });
[2m│[0m 
[2m│[0m     const { result } = renderHook(() => useCompany(), {
[2m│[0m       wrapper: createWrapper()
[2m│[0m     });
[2m│[0m 
[2m│[0m     await waitFor(() => {
[2m│[0m       expect(result.current.isSuccess).toBe(true);
[2m│[0m     });
[2m│[0m 
[2m│[0m     expect(result.current.data).toEqual([]);
[2m│[0m   });
[2m│[0m });
[2m└───────────────────────────────────────────────────────────────────────────────[0m
[2m
  ✎ create…[0m[2m
  ✎ → apps/ui/src/features/company/Company.utils.test.ts[0m
[2m┌─ [0m[32m[1m✚ create apps/ui/src/features/company/Company.utils.test.ts[0m [2m─────────────────[0m
[2m│[0m import { describe, it, expect } from "vitest";
[2m│[0m 
[2m│[0m import { sortCompanyByCreated, makeIdHandler } from "./Company.utils";
[2m│[0m 
[2m│[0m describe("sortCompanyByCreated", () => {
[2m│[0m   it("sorts items by createdAt ascending", () => {
[2m│[0m     const items = [
[2m│[0m       { id: "1", createdAt: "2024-02-01T00:00:00Z" },
[2m│[0m       { id: "2", createdAt: "2024-01-01T00:00:00Z" }
[2m│[0m     ] as unknown as { id: string; createdAt: string }[];
[2m│[0m 
[2m│[0m     const sorted = sortCompanyByCreated(items as never);
[2m│[0m 
[2m│[0m     expect(sorted[0].id).toBe("2");
[2m│[0m     expect(sorted[1].id).toBe("1");
[2m│[0m   });
[2m│[0m 
[2m│[0m   it("returns a new array", () => {
[2m│[0m     const items: never[] = [];
[2m│[0m     const sorted = sortCompanyByCreated(items);
[2m│[0m 
[2m│[0m     expect(sorted).not.toBe(items);
[2m│[0m   });
[2m│[0m });
[2m│[0m 
[2m│[0m describe("makeIdHandler", () => {
[2m│[0m   it("returns a curried handler that calls fn with the id", () => {
[2m│[0m     const fn = (id: string): void => {
[2m│[0m       expect(id).toBe("abc");
[2m│[0m     };
[2m│[0m     const handler = makeIdHandler(fn);
[2m│[0m     const clickHandler = handler("abc");
[2m│[0m 
[2m│[0m     clickHandler();
[2m│[0m   });
[2m│[0m });
[2m└───────────────────────────────────────────────────────────────────────────────[0m
  [2m⚙ forcing a gate after 9 edits without a checkpoint[0m
  [2m⚙ running gate · turn 55…[0m
[33m  • task session · turn 55: red (2 error(s)):
  Unexpected empty method 'onEdit'.
  Unexpected empty method 'onCreate'.[0m
  [2m⚑ near-green checkpoint: locked the 2-error best state[0m
[2m
  ✎ edit…[0m[2m
  ✎ → apps/ui/src/features/company/components/CompanyList/CompanyList.stories.tsx[0m
[2m┌─ [0m[38;2;59;130;246m[1m✎ edit apps/ui/src/features/company/components/CompanyList/CompanyList.stories.tsx[0m [2m[0m
[2m│[0m [2m  export const Default: Story = {[0m
[2m│[0m [2m    args: {[0m
[2m│[0m [31m-     onEdit: () => {},[0m
[2m│[0m [31m-     onCreate: () => {}[0m
[2m│[0m [32m+     onEdit: (id: string) => {[0m
[2m│[0m [32m+       console.log("edit", id);[0m
[2m│[0m [32m+     },[0m
[2m│[0m [32m+     onCreate: () => {[0m
[2m│[0m [32m+       console.log("create");[0m
[2m│[0m [32m+     }[0m
[2m│[0m [2m    }[0m
[2m│[0m [2m  };[0m
[2m└───────────────────────────────────────────────────────────────────────────────[0m
[2m
  ✎ check…[0m  [2mcheck: running the gate[0m
  [2m⚙ running gate · turn 0…[0m

I need to:
1. Wire up the form keys (create the CompanyForm component)
2. Create test siblings for schemas, store, hooks files

Let me create the CompanyForm component and the missing test files. First, let me create the CompanyForm:





[2m
  ✎ create…[0m[2m
  ✎ → apps/ui/src/features/company/components/CompanyForm/CompanyForm.types.ts[0m

[2m┌─ [0m[32m[1m✚ create apps/ui/src/features/company/components/CompanyForm/CompanyForm.types.ts[0m [2m[0m
[2m│[0m import type { ICompanyItem } from "../../Company.types";
[2m│[0m 
[2m│[0m export interface ICompanyFormProps {
[2m│[0m   readonly company?: ICompanyItem | null;
[2m│[0m   readonly onSaved: () => void;
[2m│[0m   readonly onCancel: () => void;
[2m│[0m }
[2m│[0m 
[2m│[0m export interface ICompanyFormView {
[2m│[0m   readonly isSubmitting: boolean;
[2m│[0m   readonly error: string | null;
[2m│[0m   readonly onSubmit: (data: Record<string, unknown>) => void;
[2m│[0m }
[2m└───────────────────────────────────────────────────────────────────────────────[0m
  [2m⚙ forcing a gate after 2 edits without a checkpoint[0m
  [2m⚙ running gate · turn 58…[0m
[33m  • task session · turn 58: red (18 error(s)):
  Locale key `features.company.form.title` is defined but never referenced in src — dead translation surface (remove it from every locale, or wire it up).
  Locale key `features.company.form.createTitle` is defined but never referenced in src — dead translation surface (remove it from every locale, or wire it up).
  Locale key `features.company.form.editTitle` is defined but never referenced in src — dead translation surface (remove it from every locale, or wire it up).
  Locale key `features.company.form.name` is defined but never referenced in src — dead translation surface (remove it from every locale, or wire it up).
  Locale key `features.company.form.industry` is defined but never referenced in src — dead translation surface (remove it from every locale, or wire it up).
  Locale key `features.company.form.website` is defined but never referenced in src — dead translation surface (remove it from every locale, or wire it up).
  Locale key `features.company.form.phone` is defined but never referenced in src — dead translation surface (remove it from every locale, or wire it up).
  Locale key `features.company.form.submit` is defined but never referenced in src — dead translation surface (remove it from every locale, or wire it up).
  Locale key `features.company.form.submitting` is defined but never referenced in src — dead translation surface (remove it from every locale, or wire it up).
  Locale key `features.company.form.cancel` is defined but never referenced in src — dead translation surface (remove it from every locale, or wire it up).
  Locale key `features.company.form.createError` is defined but never referenced in src — dead translation surface (remove it from every locale, or wire it up).
  Locale key `features.company.form.updateError` is defined but never referenced in src — dead translation surface (remove it from every locale, or wire it up).
  Locale key `features.company.confirmDelete` is defined but never referenced in src — dead translation surface (remove it from every locale, or wire it up).
  Locale key `features.company.confirmDeleteTitle` is defined but never referenced in src — dead translation surface (remove it from every locale, or wire it up).
  Missing colocated test. Expected `src/features/company/Company.schemas.test.ts` (or `.test.tsx`) to exist next to this logic module (`*.{utils,queries,mutations,hooks,schemas,store,service}.{ts,tsx}` or anything under src/lib/guards) — every piece of logic ships with a test.
  Missing colocated test. Expected `src/features/company/Company.store.test.ts` (or `.test.tsx`) to exist next to this logic module (`*.{utils,queries,mutations,hooks,schemas,store,service}.{ts,tsx}` or anything under src/lib/guards) — every piece of logic ships with a test.
  Missing colocated test. Expected `src/features/company/components/CompanyList/CompanyList.hooks.test.ts` (or `.test.tsx`) to exist next to this logic module (`*.{utils,queries,mutations,hooks,schemas,store,service}.{ts,tsx}` or anything under src/lib/guards) — every piece of logic ships with a test.
  Missing colocated test. Expected `src/features/company/components/CompanyPage/CompanyPage.hooks.test.ts` (or `.test.tsx`) to exist next to this logic module (`*.{utils,queries,mutations,hooks,schemas,store,service}.{ts,tsx}` or anything under src/lib/guards) — every piece of logic ships with a test.[0m
  [2m↩ near-green rollback 1/3: reverted a 18-error spray to the 2-error best; steering a targeted fix[0m
[2m
  ✎ read…[0m  [2mread apps/ui/src/features/company/components/CompanyList/CompanyList.stories.tsx[0m
[2m
  ✎ edit…[0m[2m
  ✎ → apps/ui/src/features/company/components/CompanyList/CompanyList.stories.tsx[0m
[2m┌─ [0m[38;2;59;130;246m[1m✎ edit apps/ui/src/features/company/components/CompanyList/CompanyList.stories.tsx[0m [2m[0m
[2m│[0m [2m  export const Default: Story = {[0m
[2m│[0m [2m    args: {[0m
[2m│[0m [31m-     onEdit: () => {},[0m
[2m│[0m [31m-     onCreate: () => {}[0m
[2m│[0m [32m+     onEdit: (id: string) => {[0m
[2m│[0m [32m+       console.log("edit", id);[0m
[2m│[0m [32m+     },[0m
[2m│[0m [32m+     onCreate: () => {[0m
[2m│[0m [32m+       console.log("create");[0m
[2m│[0m [32m+     }[0m
[2m│[0m [2m    }[0m
[2m│[0m [2m  };[0m
[2m└───────────────────────────────────────────────────────────────────────────────[0m
[2m
  ✎ check…[0m  [2mcheck: running the gate[0m
  [2m⚙ running gate · turn 0…[0m

I need to:
1. Create the CompanyForm component to wire up the form keys
2. Create test siblings for schemas, store, hooks

Let me create all the missing files. First, the test siblings:





[2m
  ✎ create…[0m[2m
  ✎ → apps/ui/src/features/company/Company.schemas.test.ts[0m[2m
  ⋯ 1.5KB streamed…[0m

[2m┌─ [0m[32m[1m✚ create apps/ui/src/features/company/Company.schemas.test.ts[0m [2m───────────────[0m
[2m│[0m import { describe, it, expect } from "vitest";
[2m│[0m 
[2m│[0m import { companyItemSchema, companyCreateSchema, companyUpdateSchema } from "./Company.schemas";
[2m│[0m 
[2m│[0m describe("companyItemSchema", () => {
[2m│[0m   it("validates a full company item", () => {
[2m│[0m     const result = companyItemSchema.parse({
[2m│[0m       id: "550e8400-e29b-41d4-a716-446655440000",
[2m│[0m       userId: "550e8400-e29b-41d4-a716-446655440000",
[2m│[0m       name: "Test Corp",
[2m│[0m       createdAt: "2024-01-01T00:00:00Z",
[2m│[0m       updatedAt: "2024-01-01T00:00:00Z"
[2m│[0m     });
[2m│[0m     expect(result.name).toBe("Test Corp");
[2m│[0m   });
[2m│[0m 
[2m│[0m   it("rejects empty name", () => {
[2m│[0m     expect(() =>
[2m│[0m       companyItemSchema.parse({
[2m│[0m         id: "550e8400-e29b-41d4-a716-446655440000",
[2m│[0m         userId: "550e8400-e29b-41d4-a716-446655440000",
[2m│[0m         name: "",
[2m│[0m         createdAt: "2024-01-01T00:00:00Z",
[2m│[0m         updatedAt: "2024-01-01T00:00:00Z"
[2m│[0m       })
[2m│[0m     ).toThrow();
[2m│[0m   });
[2m│[0m });
[2m│[0m 
[2m│[0m describe("companyCreateSchema", () => {
[2m│[0m   it("validates with just name", () => {
[2m│[0m     const result = companyCreateSchema.parse({ name: "Test Corp" });
[2m│[0m     expect(result.name).toBe("Test Corp");
[2m│[0m   });
[2m│[0m 
[2m│[0m   it("validates with all fields", () => {
[2m│[0m     const result = companyCreateSchema.parse({
[2m│[0m       name: "Test Corp",
[2m│[0m       industry: "Tech",
[2m│[0m       website: "https://example.com",
[2m│[0m       phone: "+1234567890"
[2m│[0m     });
[2m│[0m     expect(result.industry).toBe("Tech");
[2m│[0m   });
[2m│[0m 
[2m│[0m   it("rejects empty name", () => {
[2m│[0m     expect(() => companyCreateSchema.parse({ name: "" })).toThrow();
[2m│[0m   });
[2m│[0m });
[2m│[0m 
[2m│[0m describe("companyUpdateSchema", () => {
[2m│[0m   it("allows partial updates", () => {
[2m│[0m     const result = companyUpdateSchema.parse({ name: "Updated" });
[2m│[0m     expect(result.name).toBe("Updated");
[2m│[0m   });
[2m│[0m 
[2m│[0m   it("allows empty object", () => {
[2m│[0m     const result = companyUpdateSchema.parse({});
[2m│[0m     expect(result).toEqual({});
[2m│[0m   });
[2m│[0m });
[2m└───────────────────────────────────────────────────────────────────────────────[0m
  [2m⚙ forcing a gate after 2 edits without a checkpoint[0m
  [2m⚙ running gate · turn 62…[0m
[33m  • task session · turn 62: red (17 error(s)):
  Locale key `features.company.form.title` is defined but never referenced in src — dead translation surface (remove it from every locale, or wire it up).
  Locale key `features.company.form.createTitle` is defined but never referenced in src — dead translation surface (remove it from every locale, or wire it up).
  Locale key `features.company.form.editTitle` is defined but never referenced in src — dead translation surface (remove it from every locale, or wire it up).
  Locale key `features.company.form.name` is defined but never referenced in src — dead translation surface (remove it from every locale, or wire it up).
  Locale key `features.company.form.industry` is defined but never referenced in src — dead translation surface (remove it from every locale, or wire it up).
  Locale key `features.company.form.website` is defined but never referenced in src — dead translation surface (remove it from every locale, or wire it up).
  Locale key `features.company.form.phone` is defined but never referenced in src — dead translation surface (remove it from every locale, or wire it up).
  Locale key `features.company.form.submit` is defined but never referenced in src — dead translation surface (remove it from every locale, or wire it up).
  Locale key `features.company.form.submitting` is defined but never referenced in src — dead translation surface (remove it from every locale, or wire it up).
  Locale key `features.company.form.cancel` is defined but never referenced in src — dead translation surface (remove it from every locale, or wire it up).
  Locale key `features.company.form.createError` is defined but never referenced in src — dead translation surface (remove it from every locale, or wire it up).
  Locale key `features.company.form.updateError` is defined but never referenced in src — dead translation surface (remove it from every locale, or wire it up).
  Locale key `features.company.confirmDelete` is defined but never referenced in src — dead translation surface (remove it from every locale, or wire it up).
  Locale key `features.company.confirmDeleteTitle` is defined but never referenced in src — dead translation surface (remove it from every locale, or wire it up).
  Missing colocated test. Expected `src/features/company/Company.store.test.ts` (or `.test.tsx`) to exist next to this logic module (`*.{utils,queries,mutations,hooks,schemas,store,service}.{ts,tsx}` or anything under src/lib/guards) — every piece of logic ships with a test.
  Missing colocated test. Expected `src/features/company/components/CompanyList/CompanyList.hooks.test.ts` (or `.test.tsx`) to exist next to this logic module (`*.{utils,queries,mutations,hooks,schemas,store,service}.{ts,tsx}` or anything under src/lib/guards) — every piece of logic ships with a test.
  Missing colocated test. Expected `src/features/company/components/CompanyPage/CompanyPage.hooks.test.ts` (or `.test.tsx`) to exist next to this logic module (`*.{utils,queries,mutations,hooks,schemas,store,service}.{ts,tsx}` or anything under src/lib/guards) — every piece of logic ships with a test.[0m
  [2m↩ near-green rollback 2/3: reverted a 17-error spray to the 2-error best; steering a targeted fix[0m
[2m
  ✎ check…[0m  [2mcheck: running the gate[0m
  [2m⚙ running gate · turn 0…[0m
